Archive member included to satisfy reference by file (symbol)

c:/program files/microchip/xc8/v2.31/avr/bin/../lib/gcc/avr/5.4.0/avr5/memx-const\libgcc.a(_exit.o)
                              C:/Program Files (x86)/Atmel/Studio/7.0/Packs/atmel/ATmega_DFP/1.6.364/xc8/avr/lib/avr5/memx-const/crtatmega32.o (exit)
c:/program files/microchip/xc8/v2.31/avr/bin/../lib/gcc/avr/5.4.0/avr5/memx-const\libgcc.a(_copy_data.o)
                              HAL/KP_prog.o (__do_copy_data)

Discarded input sections

 .data          0x0000000000000000        0x0 C:/Program Files (x86)/Atmel/Studio/7.0/Packs/atmel/ATmega_DFP/1.6.364/xc8/avr/lib/avr5/memx-const/crtatmega32.o
 .bss           0x0000000000000000        0x0 C:/Program Files (x86)/Atmel/Studio/7.0/Packs/atmel/ATmega_DFP/1.6.364/xc8/avr/lib/avr5/memx-const/crtatmega32.o
 .text          0x0000000000000000        0x0 APP/COUNTER_APP.o
 .data          0x0000000000000000        0x0 APP/COUNTER_APP.o
 .bss           0x0000000000000000        0x0 APP/COUNTER_APP.o
 .text.Counter_App_init
                0x0000000000000000       0x66 APP/COUNTER_APP.o
 .text.Counter_App_Start
                0x0000000000000000      0x14a APP/COUNTER_APP.o
 .bss.counter   0x0000000000000000        0x1 APP/COUNTER_APP.o
 .debug_info    0x0000000000000000      0x820 APP/COUNTER_APP.o
 .debug_abbrev  0x0000000000000000      0x129 APP/COUNTER_APP.o
 .debug_loc     0x0000000000000000      0x25e APP/COUNTER_APP.o
 .debug_aranges
                0x0000000000000000       0x28 APP/COUNTER_APP.o
 .debug_ranges  0x0000000000000000       0x18 APP/COUNTER_APP.o
 .debug_line    0x0000000000000000      0x223 APP/COUNTER_APP.o
 .debug_str     0x0000000000000000       0x1e APP/COUNTER_APP.o
 .comment       0x0000000000000000       0x30 APP/COUNTER_APP.o
 .debug_frame   0x0000000000000000       0x3c APP/COUNTER_APP.o
 .text          0x0000000000000000        0x0 HAL/KP_prog.o
 .data          0x0000000000000000        0x0 HAL/KP_prog.o
 .bss           0x0000000000000000        0x0 HAL/KP_prog.o
 .text          0x0000000000000000        0x0 main.o
 .data          0x0000000000000000        0x0 main.o
 .bss           0x0000000000000000        0x0 main.o
 .text          0x0000000000000000        0x0 MCAL/DIO_prog.o
 .data          0x0000000000000000        0x0 MCAL/DIO_prog.o
 .bss           0x0000000000000000        0x0 MCAL/DIO_prog.o
 .text.DIO_TogglePinValue
                0x0000000000000000       0x68 MCAL/DIO_prog.o
 .text          0x0000000000000000        0x0 c:/program files/microchip/xc8/v2.31/avr/bin/../lib/gcc/avr/5.4.0/avr5/memx-const\libgcc.a(_exit.o)
 .data          0x0000000000000000        0x0 c:/program files/microchip/xc8/v2.31/avr/bin/../lib/gcc/avr/5.4.0/avr5/memx-const\libgcc.a(_exit.o)
 .bss           0x0000000000000000        0x0 c:/program files/microchip/xc8/v2.31/avr/bin/../lib/gcc/avr/5.4.0/avr5/memx-const\libgcc.a(_exit.o)
 .text.libgcc.mul
                0x0000000000000000        0x0 c:/program files/microchip/xc8/v2.31/avr/bin/../lib/gcc/avr/5.4.0/avr5/memx-const\libgcc.a(_exit.o)
 .text.libgcc.div
                0x0000000000000000        0x0 c:/program files/microchip/xc8/v2.31/avr/bin/../lib/gcc/avr/5.4.0/avr5/memx-const\libgcc.a(_exit.o)
 .text.libgcc   0x0000000000000000        0x0 c:/program files/microchip/xc8/v2.31/avr/bin/../lib/gcc/avr/5.4.0/avr5/memx-const\libgcc.a(_exit.o)
 .text.libgcc.prologue
                0x0000000000000000        0x0 c:/program files/microchip/xc8/v2.31/avr/bin/../lib/gcc/avr/5.4.0/avr5/memx-const\libgcc.a(_exit.o)
 .text.libgcc.builtins
                0x0000000000000000        0x0 c:/program files/microchip/xc8/v2.31/avr/bin/../lib/gcc/avr/5.4.0/avr5/memx-const\libgcc.a(_exit.o)
 .text.libgcc.fmul
                0x0000000000000000        0x0 c:/program files/microchip/xc8/v2.31/avr/bin/../lib/gcc/avr/5.4.0/avr5/memx-const\libgcc.a(_exit.o)
 .text.libgcc.fixed
                0x0000000000000000        0x0 c:/program files/microchip/xc8/v2.31/avr/bin/../lib/gcc/avr/5.4.0/avr5/memx-const\libgcc.a(_exit.o)
 .text          0x0000000000000000        0x0 c:/program files/microchip/xc8/v2.31/avr/bin/../lib/gcc/avr/5.4.0/avr5/memx-const\libgcc.a(_copy_data.o)
 .data          0x0000000000000000        0x0 c:/program files/microchip/xc8/v2.31/avr/bin/../lib/gcc/avr/5.4.0/avr5/memx-const\libgcc.a(_copy_data.o)
 .bss           0x0000000000000000        0x0 c:/program files/microchip/xc8/v2.31/avr/bin/../lib/gcc/avr/5.4.0/avr5/memx-const\libgcc.a(_copy_data.o)
 .text.libgcc.mul
                0x0000000000000000        0x0 c:/program files/microchip/xc8/v2.31/avr/bin/../lib/gcc/avr/5.4.0/avr5/memx-const\libgcc.a(_copy_data.o)
 .text.libgcc.div
                0x0000000000000000        0x0 c:/program files/microchip/xc8/v2.31/avr/bin/../lib/gcc/avr/5.4.0/avr5/memx-const\libgcc.a(_copy_data.o)
 .text.libgcc   0x0000000000000000        0x0 c:/program files/microchip/xc8/v2.31/avr/bin/../lib/gcc/avr/5.4.0/avr5/memx-const\libgcc.a(_copy_data.o)
 .text.libgcc.prologue
                0x0000000000000000        0x0 c:/program files/microchip/xc8/v2.31/avr/bin/../lib/gcc/avr/5.4.0/avr5/memx-const\libgcc.a(_copy_data.o)
 .text.libgcc.builtins
                0x0000000000000000        0x0 c:/program files/microchip/xc8/v2.31/avr/bin/../lib/gcc/avr/5.4.0/avr5/memx-const\libgcc.a(_copy_data.o)
 .text.libgcc.fmul
                0x0000000000000000        0x0 c:/program files/microchip/xc8/v2.31/avr/bin/../lib/gcc/avr/5.4.0/avr5/memx-const\libgcc.a(_copy_data.o)
 .text.libgcc.fixed
                0x0000000000000000        0x0 c:/program files/microchip/xc8/v2.31/avr/bin/../lib/gcc/avr/5.4.0/avr5/memx-const\libgcc.a(_copy_data.o)

Memory Configuration

Name             Origin             Length             Attributes
text             0x0000000000000000 0x0000000000008000 xr
data             0x0000000000800060 0x0000000000000800 rw !x
eeprom           0x0000000000810000 0x0000000000000400 rw !x
fuse             0x0000000000820000 0x0000000000000002 rw !x
lock             0x0000000000830000 0x0000000000000400 rw !x
signature        0x0000000000840000 0x0000000000000400 rw !x
user_signatures  0x0000000000850000 0x0000000000000400 rw !x
*default*        0x0000000000000000 0xffffffffffffffff

Linker script and memory map

LOAD C:/Program Files (x86)/Atmel/Studio/7.0/Packs/atmel/ATmega_DFP/1.6.364/xc8/avr/lib/avr5/memx-const/crtatmega32.o
LOAD APP/COUNTER_APP.o
LOAD HAL/KP_prog.o
LOAD main.o
LOAD MCAL/DIO_prog.o
START GROUP
LOAD c:/program files/microchip/xc8/v2.31/avr/bin/../lib/gcc/avr/5.4.0/../../../../avr/lib/avr5/memx-const\libm.a
END GROUP
START GROUP
LOAD c:/program files/microchip/xc8/v2.31/avr/bin/../lib/gcc/avr/5.4.0/avr5/memx-const\libgcc.a
LOAD c:/program files/microchip/xc8/v2.31/avr/bin/../lib/gcc/avr/5.4.0/../../../../avr/lib/avr5/memx-const\libm.a
LOAD c:/program files/microchip/xc8/v2.31/avr/bin/../lib/gcc/avr/5.4.0/../../../../avr/lib/avr5/memx-const\libc.a
LOAD C:/Program Files (x86)/Atmel/Studio/7.0/Packs/atmel/ATmega_DFP/1.6.364/xc8/avr/lib/avr5/memx-const\libatmega32.a
END GROUP
                0x0000000000000000                __TEXT_REGION_ORIGIN__ = DEFINED (__TEXT_REGION_ORIGIN__)?__TEXT_REGION_ORIGIN__:0x0
                [0x0000000000800060]                __DATA_REGION_ORIGIN__ = DEFINED (__DATA_REGION_ORIGIN__)?__DATA_REGION_ORIGIN__:0x800060
                [0x0000000000008000]                __TEXT_REGION_LENGTH__ = DEFINED (__TEXT_REGION_LENGTH__)?__TEXT_REGION_LENGTH__:0x20000
                [0x0000000000000800]                __DATA_REGION_LENGTH__ = DEFINED (__DATA_REGION_LENGTH__)?__DATA_REGION_LENGTH__:0xffa0
                [0x0000000000000400]                __EEPROM_REGION_LENGTH__ = DEFINED (__EEPROM_REGION_LENGTH__)?__EEPROM_REGION_LENGTH__:0x10000
                [0x0000000000000002]                __FUSE_REGION_LENGTH__ = DEFINED (__FUSE_REGION_LENGTH__)?__FUSE_REGION_LENGTH__:0x400
                0x0000000000000400                __LOCK_REGION_LENGTH__ = DEFINED (__LOCK_REGION_LENGTH__)?__LOCK_REGION_LENGTH__:0x400
                0x0000000000000400                __SIGNATURE_REGION_LENGTH__ = DEFINED (__SIGNATURE_REGION_LENGTH__)?__SIGNATURE_REGION_LENGTH__:0x400
                0x0000000000000400                __USER_SIGNATURE_REGION_LENGTH__ = DEFINED (__USER_SIGNATURE_REGION_LENGTH__)?__USER_SIGNATURE_REGION_LENGTH__:0x400

.hash
 *(.hash)

.dynsym
 *(.dynsym)

.dynstr
 *(.dynstr)

.gnu.version
 *(.gnu.version)

.gnu.version_d
 *(.gnu.version_d)

.gnu.version_r
 *(.gnu.version_r)

.rel.init
 *(.rel.init)

.rela.init
 *(.rela.init)

.rel.text
 *(.rel.text)
 *(.rel.text.*)
 *(.rel.gnu.linkonce.t*)

.rela.text
 *(.rela.text)
 *(.rela.text.*)
 *(.rela.gnu.linkonce.t*)

.rel.fini
 *(.rel.fini)

.rela.fini
 *(.rela.fini)

.rel.rodata
 *(.rel.rodata)
 *(.rel.rodata.*)
 *(.rel.gnu.linkonce.r*)

.rela.rodata
 *(.rela.rodata)
 *(.rela.rodata.*)
 *(.rela.gnu.linkonce.r*)

.rel.data
 *(.rel.data)
 *(.rel.data.*)
 *(.rel.gnu.linkonce.d*)

.rela.data
 *(.rela.data)
 *(.rela.data.*)
 *(.rela.gnu.linkonce.d*)

.rel.ctors
 *(.rel.ctors)

.rela.ctors
 *(.rela.ctors)

.rel.dtors
 *(.rel.dtors)

.rela.dtors
 *(.rela.dtors)

.rel.got
 *(.rel.got)

.rela.got
 *(.rela.got)

.rel.bss
 *(.rel.bss)

.rela.bss
 *(.rela.bss)

.rel.plt
 *(.rel.plt)

.rela.plt
 *(.rela.plt)

.text           0x0000000000000000       0xb0
 *(.vectors)
 .vectors       0x0000000000000000       0x54 C:/Program Files (x86)/Atmel/Studio/7.0/Packs/atmel/ATmega_DFP/1.6.364/xc8/avr/lib/avr5/memx-const/crtatmega32.o
                0x0000000000000000                __vector_default
                0x0000000000000000                __vectors
 *(.vectors)
 *(.progmem.gcc*)
 *(.dinit)
 .dinit         0x0000000000000054        0x7 data_init
                0x000000000000005c                . = ALIGN (0x2)
 *fill*         0x000000000000005b        0x1 
                0x000000000000005c                __trampolines_start = .
 *(.trampolines)
 .trampolines   0x000000000000005c        0x0 linker stubs
 *(.trampolines*)
                0x000000000000005c                __trampolines_end = .
 *libprintf_flt.a:*(.progmem.data)
 *libc.a:*(.progmem.data)
                0x000000000000005c                . = ALIGN (0x2)
 *(.jumptables)
 *(.jumptables*)
 *(.lowtext)
 *(.lowtext*)
                0x000000000000005c                __ctors_start = .
 *(.ctors)
                0x000000000000005c                __ctors_end = .
                0x000000000000005c                __dtors_start = .
 *(.dtors)
                0x000000000000005c                __dtors_end = .
 SORT(*)(.ctors)
 SORT(*)(.dtors)
 *(.init0)
 .init0         0x000000000000005c        0x0 C:/Program Files (x86)/Atmel/Studio/7.0/Packs/atmel/ATmega_DFP/1.6.364/xc8/avr/lib/avr5/memx-const/crtatmega32.o
                0x000000000000005c                __init
 *(.init0)
 *(.init1)
 *(.init1)
 *(.init2)
 .init2         0x000000000000005c        0xc C:/Program Files (x86)/Atmel/Studio/7.0/Packs/atmel/ATmega_DFP/1.6.364/xc8/avr/lib/avr5/memx-const/crtatmega32.o
 *(.init2)
 *(.init3)
 *(.init3)
 *(.init4)
 .init4         0x0000000000000068       0x3c c:/program files/microchip/xc8/v2.31/avr/bin/../lib/gcc/avr/5.4.0/avr5/memx-const\libgcc.a(_copy_data.o)
                0x0000000000000068                __do_copy_data
                0x0000000000000096                __do_clear_bss
 *(.init4)
 *(.init5)
 *(.init5)
 *(.init6)
 *(.init6)
 *(.init7)
 *(.init7)
 *(.init8)
 *(.init8)
 *(.init9)
 .init9         0x00000000000000a4        0x8 C:/Program Files (x86)/Atmel/Studio/7.0/Packs/atmel/ATmega_DFP/1.6.364/xc8/avr/lib/avr5/memx-const/crtatmega32.o
 *(.init9)
                0x00000000000000ac                . = ALIGN (0x2)
 *(.fini9)
 .fini9         0x00000000000000ac        0x0 c:/program files/microchip/xc8/v2.31/avr/bin/../lib/gcc/avr/5.4.0/avr5/memx-const\libgcc.a(_exit.o)
                0x00000000000000ac                _exit
                0x00000000000000ac                exit
 *(.fini9)
 *(.fini8)
 *(.fini8)
 *(.fini7)
 *(.fini7)
 *(.fini6)
 *(.fini6)
 *(.fini5)
 *(.fini5)
 *(.fini4)
 *(.fini4)
 *(.fini3)
 *(.fini3)
 *(.fini2)
 *(.fini2)
 *(.fini1)
 *(.fini1)
 *(.fini0)
 .fini0         0x00000000000000ac        0x4 c:/program files/microchip/xc8/v2.31/avr/bin/../lib/gcc/avr/5.4.0/avr5/memx-const\libgcc.a(_exit.o)
 *(.fini0)
                0x00000000000000b0                _etext = .

.data           0x0000000000800060        0x0 load address 0x00000000000000b0
                [!provide]                        PROVIDE (__data_start, .)
 *(.gnu.linkonce.d*)
 *(.gnu.linkonce.r*)
                0x0000000000800060                . = ALIGN (0x2)
                0x0000000000800060                _edata = .
                [!provide]                        PROVIDE (__data_end, .)

.bss            0x0000000000800060        0x0
                [!provide]                        PROVIDE (__bss_start, .)
 *(COMMON)
                [!provide]                        PROVIDE (__bss_end, .)
                0x00000000000000b0                __data_load_start = LOADADDR (.data)
                0x00000000000000b0                __data_load_end = (__data_load_start + SIZEOF (.data))

.noinit         0x0000000000800060        0x0
                [!provide]                        PROVIDE (__noinit_start, .)
 *(.noinit*)
                [!provide]                        PROVIDE (__noinit_end, .)
                0x0000000000800060                _end = .

.eeprom         0x0000000000810000        0x0
 *(.eeprom*)
                0x0000000000810000                __eeprom_end = .

.fuse
 *(.fuse)
 *(.lfuse)
 *(.hfuse)
 *(.efuse)

.lock
 *(.lock*)

.signature
 *(.signature*)

.user_signatures
 *(.user_signatures*)

.stab
 *(.stab)

.stabstr
 *(.stabstr)

.stab.excl
 *(.stab.excl)

.stab.exclstr
 *(.stab.exclstr)

.stab.index
 *(.stab.index)

.stab.indexstr
 *(.stab.indexstr)

.comment        0x0000000000000000       0x2f
 *(.comment)
 .comment       0x0000000000000000       0x2f HAL/KP_prog.o
                                         0x30 (size before relaxing)
 .comment       0x000000000000002f       0x30 main.o
 .comment       0x000000000000002f       0x30 MCAL/DIO_prog.o

.note.gnu.build-id
 *(.note.gnu.build-id)

.debug
 *(.debug)

.line
 *(.line)

.debug_srcinfo
 *(.debug_srcinfo)

.debug_sfnames
 *(.debug_sfnames)

.debug_aranges  0x0000000000000000       0x98
 *(.debug_aranges)
 .debug_aranges
                0x0000000000000000       0x28 HAL/KP_prog.o
 .debug_aranges
                0x0000000000000028       0x30 main.o
 .debug_aranges
                0x0000000000000058       0x40 MCAL/DIO_prog.o

.debug_pubnames
 *(.debug_pubnames)

.debug_info     0x0000000000000000     0x169e
 *(.debug_info .gnu.linkonce.wi.*)
 .debug_info    0x0000000000000000      0x4e6 C:/Program Files (x86)/Atmel/Studio/7.0/Packs/atmel/ATmega_DFP/1.6.364/xc8/avr/lib/avr5/memx-const/crtatmega32.o
 .debug_info    0x00000000000004e6      0x69c HAL/KP_prog.o
 .debug_info    0x0000000000000b82      0x62a main.o
 .debug_info    0x00000000000011ac      0x4f2 MCAL/DIO_prog.o

.debug_abbrev   0x0000000000000000      0x86a
 *(.debug_abbrev)
 .debug_abbrev  0x0000000000000000      0x4a3 C:/Program Files (x86)/Atmel/Studio/7.0/Packs/atmel/ATmega_DFP/1.6.364/xc8/avr/lib/avr5/memx-const/crtatmega32.o
 .debug_abbrev  0x00000000000004a3      0x15c HAL/KP_prog.o
 .debug_abbrev  0x00000000000005ff      0x17b main.o
 .debug_abbrev  0x000000000000077a       0xf0 MCAL/DIO_prog.o

.debug_line     0x0000000000000000      0x696
 *(.debug_line .debug_line.* .debug_line_end)
 .debug_line    0x0000000000000000      0x119 C:/Program Files (x86)/Atmel/Studio/7.0/Packs/atmel/ATmega_DFP/1.6.364/xc8/avr/lib/avr5/memx-const/crtatmega32.o
 .debug_line    0x0000000000000119      0x1b3 HAL/KP_prog.o
 .debug_line    0x00000000000002cc      0x1d9 main.o
 .debug_line    0x00000000000004a5      0x1f1 MCAL/DIO_prog.o

.debug_frame    0x0000000000000000      0x11c
 *(.debug_frame)
 .debug_frame   0x0000000000000000       0x58 HAL/KP_prog.o
 .debug_frame   0x0000000000000058       0x54 main.o
 .debug_frame   0x00000000000000ac       0x70 MCAL/DIO_prog.o

.debug_str      0x0000000000000000      0x1ff
 *(.debug_str)
 .debug_str     0x0000000000000000      0x196 C:/Program Files (x86)/Atmel/Studio/7.0/Packs/atmel/ATmega_DFP/1.6.364/xc8/avr/lib/avr5/memx-const/crtatmega32.o
 .debug_str     0x0000000000000196       0x41 HAL/KP_prog.o
 .debug_str     0x00000000000001d7       0x28 main.o
 .debug_str     0x00000000000001ff        0x0 MCAL/DIO_prog.o

.debug_loc      0x0000000000000000      0x598
 *(.debug_loc)
 .debug_loc     0x0000000000000000      0x14d HAL/KP_prog.o
 .debug_loc     0x000000000000014d      0x133 main.o
 .debug_loc     0x0000000000000280      0x318 MCAL/DIO_prog.o

.debug_macinfo
 *(.debug_macinfo)

.debug_weaknames
 *(.debug_weaknames)

.debug_funcnames
 *(.debug_funcnames)

.debug_typenames
 *(.debug_typenames)

.debug_varnames
 *(.debug_varnames)

.debug_pubtypes
 *(.debug_pubtypes)

.debug_ranges   0x0000000000000000       0x80
 *(.debug_ranges)
 .debug_ranges  0x0000000000000000       0x30 HAL/KP_prog.o
 .debug_ranges  0x0000000000000030       0x20 main.o
 .debug_ranges  0x0000000000000050       0x30 MCAL/DIO_prog.o

.debug_macro
 *(.debug_macro)
OUTPUT(Nasr62_avr.elf elf32-avr)
LOAD linker stubs
LOAD data_init

.note.gnu.avr.deviceinfo
                0x0000000000000000       0x3c
 .note.gnu.avr.deviceinfo
                0x0000000000000000       0x3c C:/Program Files (x86)/Atmel/Studio/7.0/Packs/atmel/ATmega_DFP/1.6.364/xc8/avr/lib/avr5/memx-const/crtatmega32.o

.text.DIO_SetPinDir
                0x00000000000000b0       0xda
 .text.DIO_SetPinDir
                0x00000000000000b0       0xda MCAL/DIO_prog.o
                0x00000000000000b0                DIO_SetPinDir

.text.DIO_SetPinValue
                0x000000000000018a       0xda
 .text.DIO_SetPinValue
                0x000000000000018a       0xda MCAL/DIO_prog.o
                0x000000000000018a                DIO_SetPinValue

.text.KP_GetKey
                0x0000000000000264       0xb0
 .text.KP_GetKey
                0x0000000000000264       0xb0 HAL/KP_prog.o
                0x0000000000000264                KP_GetKey

.text.SEVSEG_Display
                0x0000000000000314       0x84
 .text.SEVSEG_Display
                0x0000000000000314       0x84 main.o
                0x0000000000000314                SEVSEG_Display

.text.KP_init   0x0000000000000398       0x72
 .text.KP_init  0x0000000000000398       0x72 HAL/KP_prog.o
                0x0000000000000398                KP_init

.text.DIO_GetPinValue
                0x000000000000040a       0x5a
 .text.DIO_GetPinValue
                0x000000000000040a       0x5a MCAL/DIO_prog.o
                0x000000000000040a                DIO_GetPinValue

.text.SEVSEG_init
                0x0000000000000464       0x3e
 .text.SEVSEG_init
                0x0000000000000464       0x3e main.o
                0x0000000000000464                SEVSEG_init

.text.DIO_SetInputPullUp
                0x00000000000004a2       0x1e
 .text.DIO_SetInputPullUp
                0x00000000000004a2       0x1e MCAL/DIO_prog.o
                0x00000000000004a2                DIO_SetInputPullUp

.text.main      0x00000000000004c0       0x16
 .text.main     0x00000000000004c0       0x16 main.o
                0x00000000000004c0                main

.text           0x00000000000004d6        0x4
 .text          0x00000000000004d6        0x4 C:/Program Files (x86)/Atmel/Studio/7.0/Packs/atmel/ATmega_DFP/1.6.364/xc8/avr/lib/avr5/memx-const/crtatmega32.o
                0x00000000000004d6                __vector_1
                0x00000000000004d6                __vector_12
                0x00000000000004d6                __bad_interrupt
                0x00000000000004d6                __vector_6
                0x00000000000004d6                __vector_3
                0x00000000000004d6                __vector_11
                0x00000000000004d6                __vector_13
                0x00000000000004d6                __vector_17
                0x00000000000004d6                __vector_19
                0x00000000000004d6                __vector_7
                0x00000000000004d6                __vector_5
                0x00000000000004d6                __vector_4
                0x00000000000004d6                __vector_9
                0x00000000000004d6                __vector_2
                0x00000000000004d6                __vector_15
                0x00000000000004d6                __vector_8
                0x00000000000004d6                __vector_14
                0x00000000000004d6                __vector_10
                0x00000000000004d6                __vector_16
                0x00000000000004d6                __vector_18
                0x00000000000004d6                __vector_20

.data.KP_Array  0x0000000000800060       0x10 load address 0x00000000000004da
 .data.KP_Array
                0x0000000000800060       0x10 HAL/KP_prog.o
                0x0000000000800060                KP_Array

.data.ROW_Pin_ARRAY
                0x0000000000800070        0x4 load address 0x00000000000004ea
 .data.ROW_Pin_ARRAY
                0x0000000000800070        0x4 HAL/KP_prog.o
                0x0000000000800070                ROW_Pin_ARRAY

.data.COL_Pin_ARRAY
                0x0000000000800074        0x4 load address 0x00000000000004ee
 .data.COL_Pin_ARRAY
                0x0000000000800074        0x4 HAL/KP_prog.o
                0x0000000000800074                COL_Pin_ARRAY
