Archive member included to satisfy reference by file (symbol)

c:/program files (x86)/atmel/studio/7.0/toolchain/avr8/avr8-gnu-toolchain/bin/../lib/gcc/avr/5.4.0/../../../../avr/lib/avr5\libm.a(addsf3.o)
                              HAL/LCD.o (__subsf3)
c:/program files (x86)/atmel/studio/7.0/toolchain/avr8/avr8-gnu-toolchain/bin/../lib/gcc/avr/5.4.0/../../../../avr/lib/avr5\libm.a(addsf3x.o)
                              c:/program files (x86)/atmel/studio/7.0/toolchain/avr8/avr8-gnu-toolchain/bin/../lib/gcc/avr/5.4.0/../../../../avr/lib/avr5\libm.a(addsf3.o) (__addsf3x)
c:/program files (x86)/atmel/studio/7.0/toolchain/avr8/avr8-gnu-toolchain/bin/../lib/gcc/avr/5.4.0/../../../../avr/lib/avr5\libm.a(fixsfsi.o)
                              HAL/LCD.o (__fixsfsi)
c:/program files (x86)/atmel/studio/7.0/toolchain/avr8/avr8-gnu-toolchain/bin/../lib/gcc/avr/5.4.0/../../../../avr/lib/avr5\libm.a(fixunssfsi.o)
                              c:/program files (x86)/atmel/studio/7.0/toolchain/avr8/avr8-gnu-toolchain/bin/../lib/gcc/avr/5.4.0/../../../../avr/lib/avr5\libm.a(fixsfsi.o) (__fixunssfsi)
c:/program files (x86)/atmel/studio/7.0/toolchain/avr8/avr8-gnu-toolchain/bin/../lib/gcc/avr/5.4.0/../../../../avr/lib/avr5\libm.a(floatsisf.o)
                              HAL/DC_Motor.o (__floatunsisf)
c:/program files (x86)/atmel/studio/7.0/toolchain/avr8/avr8-gnu-toolchain/bin/../lib/gcc/avr/5.4.0/../../../../avr/lib/avr5\libm.a(fp_inf.o)
                              c:/program files (x86)/atmel/studio/7.0/toolchain/avr8/avr8-gnu-toolchain/bin/../lib/gcc/avr/5.4.0/../../../../avr/lib/avr5\libm.a(addsf3x.o) (__fp_inf)
c:/program files (x86)/atmel/studio/7.0/toolchain/avr8/avr8-gnu-toolchain/bin/../lib/gcc/avr/5.4.0/../../../../avr/lib/avr5\libm.a(fp_nan.o)
                              c:/program files (x86)/atmel/studio/7.0/toolchain/avr8/avr8-gnu-toolchain/bin/../lib/gcc/avr/5.4.0/../../../../avr/lib/avr5\libm.a(addsf3x.o) (__fp_nan)
c:/program files (x86)/atmel/studio/7.0/toolchain/avr8/avr8-gnu-toolchain/bin/../lib/gcc/avr/5.4.0/../../../../avr/lib/avr5\libm.a(fp_pscA.o)
                              c:/program files (x86)/atmel/studio/7.0/toolchain/avr8/avr8-gnu-toolchain/bin/../lib/gcc/avr/5.4.0/../../../../avr/lib/avr5\libm.a(addsf3x.o) (__fp_pscA)
c:/program files (x86)/atmel/studio/7.0/toolchain/avr8/avr8-gnu-toolchain/bin/../lib/gcc/avr/5.4.0/../../../../avr/lib/avr5\libm.a(fp_pscB.o)
                              c:/program files (x86)/atmel/studio/7.0/toolchain/avr8/avr8-gnu-toolchain/bin/../lib/gcc/avr/5.4.0/../../../../avr/lib/avr5\libm.a(addsf3x.o) (__fp_pscB)
c:/program files (x86)/atmel/studio/7.0/toolchain/avr8/avr8-gnu-toolchain/bin/../lib/gcc/avr/5.4.0/../../../../avr/lib/avr5\libm.a(fp_round.o)
                              c:/program files (x86)/atmel/studio/7.0/toolchain/avr8/avr8-gnu-toolchain/bin/../lib/gcc/avr/5.4.0/../../../../avr/lib/avr5\libm.a(addsf3.o) (__fp_round)
c:/program files (x86)/atmel/studio/7.0/toolchain/avr8/avr8-gnu-toolchain/bin/../lib/gcc/avr/5.4.0/../../../../avr/lib/avr5\libm.a(fp_split3.o)
                              c:/program files (x86)/atmel/studio/7.0/toolchain/avr8/avr8-gnu-toolchain/bin/../lib/gcc/avr/5.4.0/../../../../avr/lib/avr5\libm.a(addsf3x.o) (__fp_split3)
c:/program files (x86)/atmel/studio/7.0/toolchain/avr8/avr8-gnu-toolchain/bin/../lib/gcc/avr/5.4.0/../../../../avr/lib/avr5\libm.a(fp_zero.o)
                              c:/program files (x86)/atmel/studio/7.0/toolchain/avr8/avr8-gnu-toolchain/bin/../lib/gcc/avr/5.4.0/../../../../avr/lib/avr5\libm.a(addsf3x.o) (__fp_zero)
c:/program files (x86)/atmel/studio/7.0/toolchain/avr8/avr8-gnu-toolchain/bin/../lib/gcc/avr/5.4.0/../../../../avr/lib/avr5\libm.a(mulsf3.o)
                              HAL/LCD.o (__mulsf3)
c:/program files (x86)/atmel/studio/7.0/toolchain/avr8/avr8-gnu-toolchain/bin/../lib/gcc/avr/5.4.0/../../../../avr/lib/avr5\libm.a(mulsf3x.o)
                              c:/program files (x86)/atmel/studio/7.0/toolchain/avr8/avr8-gnu-toolchain/bin/../lib/gcc/avr/5.4.0/../../../../avr/lib/avr5\libm.a(mulsf3.o) (__mulsf3x)
c:/program files (x86)/atmel/studio/7.0/toolchain/avr8/avr8-gnu-toolchain/bin/../lib/gcc/avr/5.4.0/avr5\libgcc.a(_divmodhi4.o)
                              HAL/SERVO.o (__divmodhi4)
c:/program files (x86)/atmel/studio/7.0/toolchain/avr8/avr8-gnu-toolchain/bin/../lib/gcc/avr/5.4.0/avr5\libgcc.a(_udivmodsi4.o)
                              HAL/LCD.o (__udivmodsi4)
c:/program files (x86)/atmel/studio/7.0/toolchain/avr8/avr8-gnu-toolchain/bin/../lib/gcc/avr/5.4.0/avr5\libgcc.a(_exit.o)
                              C:/Program Files (x86)/Atmel/Studio/7.0/Packs/Atmel/ATmega_DFP/1.6.364/gcc/dev/atmega32/avr5/crtatmega32.o (exit)
c:/program files (x86)/atmel/studio/7.0/toolchain/avr8/avr8-gnu-toolchain/bin/../lib/gcc/avr/5.4.0/avr5\libgcc.a(_copy_data.o)
                              HAL/Keypad.o (__do_copy_data)
c:/program files (x86)/atmel/studio/7.0/toolchain/avr8/avr8-gnu-toolchain/bin/../lib/gcc/avr/5.4.0/avr5\libgcc.a(_clear_bss.o)
                              main.o (__do_clear_bss)
c:/program files (x86)/atmel/studio/7.0/toolchain/avr8/avr8-gnu-toolchain/bin/../lib/gcc/avr/5.4.0/avr5\libgcc.a(_umulhisi3.o)
                              devices_control.o (__umulhisi3)
c:/program files (x86)/atmel/studio/7.0/toolchain/avr8/avr8-gnu-toolchain/bin/../lib/gcc/avr/5.4.0/avr5\libgcc.a(_muluhisi3.o)
                              MCAL/Timer.o (__muluhisi3)
c:/program files (x86)/atmel/studio/7.0/toolchain/avr8/avr8-gnu-toolchain/bin/../lib/gcc/avr/5.4.0/avr5\libgcc.a(_udivmodhi4.o)
                              c:/program files (x86)/atmel/studio/7.0/toolchain/avr8/avr8-gnu-toolchain/bin/../lib/gcc/avr/5.4.0/avr5\libgcc.a(_divmodhi4.o) (__udivmodhi4)

Allocating common symbols
Common symbol       size              file

T1_Init_val_OVF     0x4               MCAL/Timer.o
T1_Init_val         0x4               MCAL/Timer.o
T0_Init_val_OVF     0x4               MCAL/Timer.o
T2_Init_val_OVF     0x4               MCAL/Timer.o
T2_Init_val         0x4               MCAL/Timer.o
HighTempErrorFlag   0x1               main.o
T0_Init_val         0x4               MCAL/Timer.o

Discarded input sections

 .data          0x00000000        0x0 C:/Program Files (x86)/Atmel/Studio/7.0/Packs/Atmel/ATmega_DFP/1.6.364/gcc/dev/atmega32/avr5/crtatmega32.o
 .bss           0x00000000        0x0 C:/Program Files (x86)/Atmel/Studio/7.0/Packs/Atmel/ATmega_DFP/1.6.364/gcc/dev/atmega32/avr5/crtatmega32.o
 .text          0x00000000        0x0 devices_control.o
 .data          0x00000000        0x0 devices_control.o
 .bss           0x00000000        0x0 devices_control.o
 .text          0x00000000        0x0 HAL/Button.o
 .data          0x00000000        0x0 HAL/Button.o
 .bss           0x00000000        0x0 HAL/Button.o
 .text.BUTTON0_GetPinVal
                0x00000000       0x30 HAL/Button.o
 .text.BUTTON1_GetPinVal
                0x00000000       0x30 HAL/Button.o
 .text.BUTTON2_GetPinVal
                0x00000000       0x30 HAL/Button.o
 .debug_info    0x00000000      0x293 HAL/Button.o
 .debug_abbrev  0x00000000      0x102 HAL/Button.o
 .debug_loc     0x00000000      0x1bc HAL/Button.o
 .debug_aranges
                0x00000000       0x30 HAL/Button.o
 .debug_ranges  0x00000000       0x20 HAL/Button.o
 .debug_line    0x00000000      0x1be HAL/Button.o
 .debug_str     0x00000000      0x235 HAL/Button.o
 .comment       0x00000000       0x31 HAL/Button.o
 .debug_frame   0x00000000       0x5c HAL/Button.o
 .text          0x00000000        0x0 HAL/DC_Motor.o
 .data          0x00000000        0x0 HAL/DC_Motor.o
 .bss           0x00000000        0x0 HAL/DC_Motor.o
 .text.DC_Motor1_INIT
                0x00000000       0x2e HAL/DC_Motor.o
 .text.DC_Motor1_START
                0x00000000       0x50 HAL/DC_Motor.o
 .text.DC_Motor1_STOP
                0x00000000       0x16 HAL/DC_Motor.o
 .text.DC_Motor2_INIT
                0x00000000       0x2e HAL/DC_Motor.o
 .text.DC_Motor2_START
                0x00000000       0x50 HAL/DC_Motor.o
 .text.DC_Motor2_STOP
                0x00000000       0x16 HAL/DC_Motor.o
 .debug_info    0x00000000      0x417 HAL/DC_Motor.o
 .debug_abbrev  0x00000000       0xd9 HAL/DC_Motor.o
 .debug_loc     0x00000000      0x17e HAL/DC_Motor.o
 .debug_aranges
                0x00000000       0x48 HAL/DC_Motor.o
 .debug_ranges  0x00000000       0x38 HAL/DC_Motor.o
 .debug_line    0x00000000      0x191 HAL/DC_Motor.o
 .debug_str     0x00000000      0x23f HAL/DC_Motor.o
 .comment       0x00000000       0x31 HAL/DC_Motor.o
 .debug_frame   0x00000000       0x8c HAL/DC_Motor.o
 .text          0x00000000        0x0 HAL/Keypad.o
 .data          0x00000000        0x0 HAL/Keypad.o
 .bss           0x00000000        0x0 HAL/Keypad.o
 .text          0x00000000        0x0 HAL/LCD.o
 .data          0x00000000        0x0 HAL/LCD.o
 .bss           0x00000000        0x0 HAL/LCD.o
 .text.LCD_WriteDECIMAL
                0x00000000       0x9c HAL/LCD.o
 .text.LCD_BurnCustomCHAR
                0x00000000       0x32 HAL/LCD.o
 .text.LCD_ModifyDDRAM_CHAR
                0x00000000        0x2 HAL/LCD.o
 .text.LCD_Clear
                0x00000000        0x8 HAL/LCD.o
 .text          0x00000000        0x0 HAL/LED.o
 .data          0x00000000        0x0 HAL/LED.o
 .bss           0x00000000        0x0 HAL/LED.o
 .text.LED0_ON  0x00000000        0xc HAL/LED.o
 .text.LED0_OFF
                0x00000000        0xc HAL/LED.o
 .text.LED0_Toggle
                0x00000000        0xa HAL/LED.o
 .text.LED1_ON  0x00000000        0xc HAL/LED.o
 .text.LED1_OFF
                0x00000000        0xc HAL/LED.o
 .text.LED1_Toggle
                0x00000000        0xa HAL/LED.o
 .text.LED2_ON  0x00000000        0xc HAL/LED.o
 .text.LED2_OFF
                0x00000000        0xc HAL/LED.o
 .text.LED2_Toggle
                0x00000000        0xa HAL/LED.o
 .debug_info    0x00000000      0x244 HAL/LED.o
 .debug_abbrev  0x00000000       0x64 HAL/LED.o
 .debug_aranges
                0x00000000       0x60 HAL/LED.o
 .debug_ranges  0x00000000       0x50 HAL/LED.o
 .debug_line    0x00000000      0x108 HAL/LED.o
 .debug_str     0x00000000      0x1e5 HAL/LED.o
 .comment       0x00000000       0x31 HAL/LED.o
 .debug_frame   0x00000000       0xa4 HAL/LED.o
 .text          0x00000000        0x0 HAL/SERVO.o
 .data          0x00000000        0x0 HAL/SERVO.o
 .bss           0x00000000        0x0 HAL/SERVO.o
 .text          0x00000000        0x0 main.o
 .data          0x00000000        0x0 main.o
 .bss           0x00000000        0x0 main.o
 .bss.LCD_col   0x00000000        0x1 main.o
 .bss.LCD_row   0x00000000        0x1 main.o
 .text          0x00000000        0x0 MCAL/ADC.o
 .data          0x00000000        0x0 MCAL/ADC.o
 .bss           0x00000000        0x0 MCAL/ADC.o
 .text          0x00000000        0x0 MCAL/DIO.o
 .data          0x00000000        0x0 MCAL/DIO.o
 .bss           0x00000000        0x0 MCAL/DIO.o
 .text.DIO_TogglePin
                0x00000000       0xb6 MCAL/DIO.o
 .text          0x00000000        0x0 MCAL/EEPROM.o
 .data          0x00000000        0x0 MCAL/EEPROM.o
 .bss           0x00000000        0x0 MCAL/EEPROM.o
 .text.EEPROM_INIT
                0x00000000        0x6 MCAL/EEPROM.o
 .text.EEPROM_WriteByte
                0x00000000       0x42 MCAL/EEPROM.o
 .text.EEPROM_WriteMultiBytes
                0x00000000       0x4e MCAL/EEPROM.o
 .text.EEPROM_WriteString
                0x00000000       0x46 MCAL/EEPROM.o
 .text.EEPROM_ReadByte
                0x00000000       0x3c MCAL/EEPROM.o
 .text.EEPROM_ReadMultiByte
                0x00000000       0x68 MCAL/EEPROM.o
 .debug_info    0x00000000      0x5ac MCAL/EEPROM.o
 .debug_abbrev  0x00000000      0x15d MCAL/EEPROM.o
 .debug_loc     0x00000000      0x7f8 MCAL/EEPROM.o
 .debug_aranges
                0x00000000       0x48 MCAL/EEPROM.o
 .debug_ranges  0x00000000       0x38 MCAL/EEPROM.o
 .debug_line    0x00000000      0x28b MCAL/EEPROM.o
 .debug_str     0x00000000      0x354 MCAL/EEPROM.o
 .comment       0x00000000       0x31 MCAL/EEPROM.o
 .debug_frame   0x00000000       0xe0 MCAL/EEPROM.o
 .text          0x00000000        0x0 MCAL/EXT_Interrupt.o
 .data          0x00000000        0x0 MCAL/EXT_Interrupt.o
 .bss           0x00000000        0x0 MCAL/EXT_Interrupt.o
 .text.INT0_INIT
                0x00000000       0x18 MCAL/EXT_Interrupt.o
 .text.INT1_INIT
                0x00000000       0x18 MCAL/EXT_Interrupt.o
 .text.INT2_INIT
                0x00000000       0x12 MCAL/EXT_Interrupt.o
 .debug_info    0x00000000       0xa4 MCAL/EXT_Interrupt.o
 .debug_abbrev  0x00000000       0x39 MCAL/EXT_Interrupt.o
 .debug_aranges
                0x00000000       0x30 MCAL/EXT_Interrupt.o
 .debug_ranges  0x00000000       0x20 MCAL/EXT_Interrupt.o
 .debug_line    0x00000000       0xa7 MCAL/EXT_Interrupt.o
 .debug_str     0x00000000      0x19b MCAL/EXT_Interrupt.o
 .comment       0x00000000       0x31 MCAL/EXT_Interrupt.o
 .debug_frame   0x00000000       0x44 MCAL/EXT_Interrupt.o
 .text          0x00000000        0x0 MCAL/I2C.o
 .data          0x00000000        0x0 MCAL/I2C.o
 .bss           0x00000000        0x0 MCAL/I2C.o
 .text.I2C_callback0
                0x00000000        0xa MCAL/I2C.o
 .text.I2C_callback1
                0x00000000        0xa MCAL/I2C.o
 .text.I2C_INIT
                0x00000000       0x10 MCAL/I2C.o
 .text.I2C_SendStartCond
                0x00000000        0xc MCAL/I2C.o
 .text.I2C_SendRepStartCond
                0x00000000        0xc MCAL/I2C.o
 .text.I2C_SendSlaveAdd_WriteOP
                0x00000000       0x22 MCAL/I2C.o
 .text.I2C_SendSlaveAdd_ReadOP
                0x00000000       0x12 MCAL/I2C.o
 .text.I2C_SendData
                0x00000000        0xe MCAL/I2C.o
 .text.I2C_SendMultiData
                0x00000000       0x32 MCAL/I2C.o
 .text.I2C_SendString
                0x00000000       0x2c MCAL/I2C.o
 .text.I2C_ReadData
                0x00000000        0xe MCAL/I2C.o
 .text.I2C_ReadMultiData
                0x00000000        0xe MCAL/I2C.o
 .text.I2C_SendStopCond
                0x00000000        0xc MCAL/I2C.o
 .bss.pptr1     0x00000000        0x2 MCAL/I2C.o
 .bss.pptr0     0x00000000        0x2 MCAL/I2C.o
 .data.string16
                0x00000000        0xe MCAL/I2C.o
 .data.string15
                0x00000000        0xa MCAL/I2C.o
 .data.string14
                0x00000000        0xf MCAL/I2C.o
 .data.string13
                0x00000000        0xf MCAL/I2C.o
 .data.string12
                0x00000000        0xf MCAL/I2C.o
 .data.string11
                0x00000000       0x10 MCAL/I2C.o
 .data.string6  0x00000000        0xf MCAL/I2C.o
 .data.string5  0x00000000        0xc MCAL/I2C.o
 .data.string4  0x00000000       0x11 MCAL/I2C.o
 .data.string3  0x00000000       0x11 MCAL/I2C.o
 .data.string2  0x00000000       0x11 MCAL/I2C.o
 .data.string1  0x00000000        0xd MCAL/I2C.o
 .debug_info    0x00000000      0x494 MCAL/I2C.o
 .debug_abbrev  0x00000000      0x185 MCAL/I2C.o
 .debug_loc     0x00000000      0x23d MCAL/I2C.o
 .debug_aranges
                0x00000000       0x80 MCAL/I2C.o
 .debug_ranges  0x00000000       0x70 MCAL/I2C.o
 .debug_line    0x00000000      0x30b MCAL/I2C.o
 .debug_str     0x00000000      0x364 MCAL/I2C.o
 .comment       0x00000000       0x31 MCAL/I2C.o
 .debug_frame   0x00000000      0x108 MCAL/I2C.o
 .text          0x00000000        0x0 MCAL/SPI.o
 .data          0x00000000        0x0 MCAL/SPI.o
 .bss           0x00000000        0x0 MCAL/SPI.o
 .text.SPI_Master0_INIT
                0x00000000       0x30 MCAL/SPI.o
 .text.SPI_Slave_INIT
                0x00000000        0x2 MCAL/SPI.o
 .text.SPI_INIT_Com
                0x00000000        0x8 MCAL/SPI.o
 .text.SPI_END_Com
                0x00000000        0x8 MCAL/SPI.o
 .text.SPI_Transceiver
                0x00000000        0xa MCAL/SPI.o
 .debug_info    0x00000000      0x228 MCAL/SPI.o
 .debug_abbrev  0x00000000       0xd0 MCAL/SPI.o
 .debug_loc     0x00000000       0xe5 MCAL/SPI.o
 .debug_aranges
                0x00000000       0x40 MCAL/SPI.o
 .debug_ranges  0x00000000       0x30 MCAL/SPI.o
 .debug_line    0x00000000       0xf1 MCAL/SPI.o
 .debug_str     0x00000000      0x1e8 MCAL/SPI.o
 .comment       0x00000000       0x31 MCAL/SPI.o
 .debug_frame   0x00000000       0x64 MCAL/SPI.o
 .text          0x00000000        0x0 MCAL/Timer.o
 .data          0x00000000        0x0 MCAL/Timer.o
 .bss           0x00000000        0x0 MCAL/Timer.o
 .text.callback0
                0x00000000        0xa MCAL/Timer.o
 .text.callback1
                0x00000000        0xa MCAL/Timer.o
 .text.callback2
                0x00000000        0xa MCAL/Timer.o
 .text.TIMER0_INIT
                0x00000000       0x1a MCAL/Timer.o
 .text.TIMER0_Start
                0x00000000        0xa MCAL/Timer.o
 .text.TIMER0_Stop
                0x00000000        0x8 MCAL/Timer.o
 .text.TIMER0_SetDelay
                0x00000000        0x2 MCAL/Timer.o
 .text.PWM0_Gen
                0x00000000        0x2 MCAL/Timer.o
 .text.TIMER1_INIT
                0x00000000       0x24 MCAL/Timer.o
 .text.TIMER1_Start
                0x00000000        0x6 MCAL/Timer.o
 .text.TIMER1_Stop
                0x00000000        0x4 MCAL/Timer.o
 .text.TIMER1_SetDelay
                0x00000000      0x1e0 MCAL/Timer.o
 .text.PWM1_Gen
                0x00000000        0x2 MCAL/Timer.o
 .text.TIMER2_INIT
                0x00000000        0xc MCAL/Timer.o
 .text.TIMER2_Start
                0x00000000        0x6 MCAL/Timer.o
 .text.TIMER2_Stop
                0x00000000        0x4 MCAL/Timer.o
 .text.TIMER2_SetDelay
                0x00000000      0x1d6 MCAL/Timer.o
 .bss.ptr2      0x00000000        0x2 MCAL/Timer.o
 .bss.ptr1      0x00000000        0x2 MCAL/Timer.o
 .bss.ptr0      0x00000000        0x2 MCAL/Timer.o
 .text          0x00000000        0x0 MCAL/UART.o
 .data          0x00000000        0x0 MCAL/UART.o
 .bss           0x00000000        0x0 MCAL/UART.o
 .text.UART_INIT
                0x00000000       0x12 MCAL/UART.o
 .text.UART_Tx  0x00000000        0x8 MCAL/UART.o
 .text.UART_Tx_String
                0x00000000        0x2 MCAL/UART.o
 .text.UART_Rx  0x00000000        0x8 MCAL/UART.o
 .debug_info    0x00000000      0x106 MCAL/UART.o
 .debug_abbrev  0x00000000       0xa1 MCAL/UART.o
 .debug_aranges
                0x00000000       0x38 MCAL/UART.o
 .debug_ranges  0x00000000       0x28 MCAL/UART.o
 .debug_line    0x00000000       0xca MCAL/UART.o
 .debug_str     0x00000000      0x1b1 MCAL/UART.o
 .comment       0x00000000       0x31 MCAL/UART.o
 .debug_frame   0x00000000       0x54 MCAL/UART.o
 .text          0x00000000        0x0 MCAL/WDT.o
 .data          0x00000000        0x0 MCAL/WDT.o
 .bss           0x00000000        0x0 MCAL/WDT.o
 .text.WDT_ON   0x00000000        0x6 MCAL/WDT.o
 .text.WDT_OFF  0x00000000        0x8 MCAL/WDT.o
 .text.WDT_Refresh
                0x00000000        0xa MCAL/WDT.o
 .debug_info    0x00000000       0xc3 MCAL/WDT.o
 .debug_abbrev  0x00000000       0x8c MCAL/WDT.o
 .debug_aranges
                0x00000000       0x30 MCAL/WDT.o
 .debug_ranges  0x00000000       0x20 MCAL/WDT.o
 .debug_line    0x00000000       0x79 MCAL/WDT.o
 .debug_str     0x00000000      0x18e MCAL/WDT.o
 .comment       0x00000000       0x31 MCAL/WDT.o
 .debug_frame   0x00000000       0x44 MCAL/WDT.o
 .text          0x00000000        0x0 c:/program files (x86)/atmel/studio/7.0/toolchain/avr8/avr8-gnu-toolchain/bin/../lib/gcc/avr/5.4.0/../../../../avr/lib/avr5\libm.a(addsf3.o)
 .data          0x00000000        0x0 c:/program files (x86)/atmel/studio/7.0/toolchain/avr8/avr8-gnu-toolchain/bin/../lib/gcc/avr/5.4.0/../../../../avr/lib/avr5\libm.a(addsf3.o)
 .bss           0x00000000        0x0 c:/program files (x86)/atmel/studio/7.0/toolchain/avr8/avr8-gnu-toolchain/bin/../lib/gcc/avr/5.4.0/../../../../avr/lib/avr5\libm.a(addsf3.o)
 .text.avr-libc.fplib
                0x00000000        0xe c:/program files (x86)/atmel/studio/7.0/toolchain/avr8/avr8-gnu-toolchain/bin/../lib/gcc/avr/5.4.0/../../../../avr/lib/avr5\libm.a(addsf3.o)
 .text          0x00000000        0x0 c:/program files (x86)/atmel/studio/7.0/toolchain/avr8/avr8-gnu-toolchain/bin/../lib/gcc/avr/5.4.0/../../../../avr/lib/avr5\libm.a(addsf3x.o)
 .data          0x00000000        0x0 c:/program files (x86)/atmel/studio/7.0/toolchain/avr8/avr8-gnu-toolchain/bin/../lib/gcc/avr/5.4.0/../../../../avr/lib/avr5\libm.a(addsf3x.o)
 .bss           0x00000000        0x0 c:/program files (x86)/atmel/studio/7.0/toolchain/avr8/avr8-gnu-toolchain/bin/../lib/gcc/avr/5.4.0/../../../../avr/lib/avr5\libm.a(addsf3x.o)
 .text.avr-libc.fplib
                0x00000000       0xcc c:/program files (x86)/atmel/studio/7.0/toolchain/avr8/avr8-gnu-toolchain/bin/../lib/gcc/avr/5.4.0/../../../../avr/lib/avr5\libm.a(addsf3x.o)
 .text          0x00000000        0x0 c:/program files (x86)/atmel/studio/7.0/toolchain/avr8/avr8-gnu-toolchain/bin/../lib/gcc/avr/5.4.0/../../../../avr/lib/avr5\libm.a(fixsfsi.o)
 .data          0x00000000        0x0 c:/program files (x86)/atmel/studio/7.0/toolchain/avr8/avr8-gnu-toolchain/bin/../lib/gcc/avr/5.4.0/../../../../avr/lib/avr5\libm.a(fixsfsi.o)
 .bss           0x00000000        0x0 c:/program files (x86)/atmel/studio/7.0/toolchain/avr8/avr8-gnu-toolchain/bin/../lib/gcc/avr/5.4.0/../../../../avr/lib/avr5\libm.a(fixsfsi.o)
 .text.avr-libc.fplib
                0x00000000        0xe c:/program files (x86)/atmel/studio/7.0/toolchain/avr8/avr8-gnu-toolchain/bin/../lib/gcc/avr/5.4.0/../../../../avr/lib/avr5\libm.a(fixsfsi.o)
 .text          0x00000000        0x0 c:/program files (x86)/atmel/studio/7.0/toolchain/avr8/avr8-gnu-toolchain/bin/../lib/gcc/avr/5.4.0/../../../../avr/lib/avr5\libm.a(fixunssfsi.o)
 .data          0x00000000        0x0 c:/program files (x86)/atmel/studio/7.0/toolchain/avr8/avr8-gnu-toolchain/bin/../lib/gcc/avr/5.4.0/../../../../avr/lib/avr5\libm.a(fixunssfsi.o)
 .bss           0x00000000        0x0 c:/program files (x86)/atmel/studio/7.0/toolchain/avr8/avr8-gnu-toolchain/bin/../lib/gcc/avr/5.4.0/../../../../avr/lib/avr5\libm.a(fixunssfsi.o)
 .text.avr-libc.fplib
                0x00000000       0x5e c:/program files (x86)/atmel/studio/7.0/toolchain/avr8/avr8-gnu-toolchain/bin/../lib/gcc/avr/5.4.0/../../../../avr/lib/avr5\libm.a(fixunssfsi.o)
 .text          0x00000000        0x0 c:/program files (x86)/atmel/studio/7.0/toolchain/avr8/avr8-gnu-toolchain/bin/../lib/gcc/avr/5.4.0/../../../../avr/lib/avr5\libm.a(floatsisf.o)
 .data          0x00000000        0x0 c:/program files (x86)/atmel/studio/7.0/toolchain/avr8/avr8-gnu-toolchain/bin/../lib/gcc/avr/5.4.0/../../../../avr/lib/avr5\libm.a(floatsisf.o)
 .bss           0x00000000        0x0 c:/program files (x86)/atmel/studio/7.0/toolchain/avr8/avr8-gnu-toolchain/bin/../lib/gcc/avr/5.4.0/../../../../avr/lib/avr5\libm.a(floatsisf.o)
 .text.avr-libc.fplib
                0x00000000       0x7a c:/program files (x86)/atmel/studio/7.0/toolchain/avr8/avr8-gnu-toolchain/bin/../lib/gcc/avr/5.4.0/../../../../avr/lib/avr5\libm.a(floatsisf.o)
 .text          0x00000000        0x0 c:/program files (x86)/atmel/studio/7.0/toolchain/avr8/avr8-gnu-toolchain/bin/../lib/gcc/avr/5.4.0/../../../../avr/lib/avr5\libm.a(fp_inf.o)
 .data          0x00000000        0x0 c:/program files (x86)/atmel/studio/7.0/toolchain/avr8/avr8-gnu-toolchain/bin/../lib/gcc/avr/5.4.0/../../../../avr/lib/avr5\libm.a(fp_inf.o)
 .bss           0x00000000        0x0 c:/program files (x86)/atmel/studio/7.0/toolchain/avr8/avr8-gnu-toolchain/bin/../lib/gcc/avr/5.4.0/../../../../avr/lib/avr5\libm.a(fp_inf.o)
 .text.avr-libc.fplib
                0x00000000        0xc c:/program files (x86)/atmel/studio/7.0/toolchain/avr8/avr8-gnu-toolchain/bin/../lib/gcc/avr/5.4.0/../../../../avr/lib/avr5\libm.a(fp_inf.o)
 .text          0x00000000        0x0 c:/program files (x86)/atmel/studio/7.0/toolchain/avr8/avr8-gnu-toolchain/bin/../lib/gcc/avr/5.4.0/../../../../avr/lib/avr5\libm.a(fp_nan.o)
 .data          0x00000000        0x0 c:/program files (x86)/atmel/studio/7.0/toolchain/avr8/avr8-gnu-toolchain/bin/../lib/gcc/avr/5.4.0/../../../../avr/lib/avr5\libm.a(fp_nan.o)
 .bss           0x00000000        0x0 c:/program files (x86)/atmel/studio/7.0/toolchain/avr8/avr8-gnu-toolchain/bin/../lib/gcc/avr/5.4.0/../../../../avr/lib/avr5\libm.a(fp_nan.o)
 .text.avr-libc.fplib
                0x00000000        0x6 c:/program files (x86)/atmel/studio/7.0/toolchain/avr8/avr8-gnu-toolchain/bin/../lib/gcc/avr/5.4.0/../../../../avr/lib/avr5\libm.a(fp_nan.o)
 .text          0x00000000        0x0 c:/program files (x86)/atmel/studio/7.0/toolchain/avr8/avr8-gnu-toolchain/bin/../lib/gcc/avr/5.4.0/../../../../avr/lib/avr5\libm.a(fp_pscA.o)
 .data          0x00000000        0x0 c:/program files (x86)/atmel/studio/7.0/toolchain/avr8/avr8-gnu-toolchain/bin/../lib/gcc/avr/5.4.0/../../../../avr/lib/avr5\libm.a(fp_pscA.o)
 .bss           0x00000000        0x0 c:/program files (x86)/atmel/studio/7.0/toolchain/avr8/avr8-gnu-toolchain/bin/../lib/gcc/avr/5.4.0/../../../../avr/lib/avr5\libm.a(fp_pscA.o)
 .text.avr-libc.fplib
                0x00000000        0xe c:/program files (x86)/atmel/studio/7.0/toolchain/avr8/avr8-gnu-toolchain/bin/../lib/gcc/avr/5.4.0/../../../../avr/lib/avr5\libm.a(fp_pscA.o)
 .text          0x00000000        0x0 c:/program files (x86)/atmel/studio/7.0/toolchain/avr8/avr8-gnu-toolchain/bin/../lib/gcc/avr/5.4.0/../../../../avr/lib/avr5\libm.a(fp_pscB.o)
 .data          0x00000000        0x0 c:/program files (x86)/atmel/studio/7.0/toolchain/avr8/avr8-gnu-toolchain/bin/../lib/gcc/avr/5.4.0/../../../../avr/lib/avr5\libm.a(fp_pscB.o)
 .bss           0x00000000        0x0 c:/program files (x86)/atmel/studio/7.0/toolchain/avr8/avr8-gnu-toolchain/bin/../lib/gcc/avr/5.4.0/../../../../avr/lib/avr5\libm.a(fp_pscB.o)
 .text.avr-libc.fplib
                0x00000000        0xe c:/program files (x86)/atmel/studio/7.0/toolchain/avr8/avr8-gnu-toolchain/bin/../lib/gcc/avr/5.4.0/../../../../avr/lib/avr5\libm.a(fp_pscB.o)
 .text          0x00000000        0x0 c:/program files (x86)/atmel/studio/7.0/toolchain/avr8/avr8-gnu-toolchain/bin/../lib/gcc/avr/5.4.0/../../../../avr/lib/avr5\libm.a(fp_round.o)
 .data          0x00000000        0x0 c:/program files (x86)/atmel/studio/7.0/toolchain/avr8/avr8-gnu-toolchain/bin/../lib/gcc/avr/5.4.0/../../../../avr/lib/avr5\libm.a(fp_round.o)
 .bss           0x00000000        0x0 c:/program files (x86)/atmel/studio/7.0/toolchain/avr8/avr8-gnu-toolchain/bin/../lib/gcc/avr/5.4.0/../../../../avr/lib/avr5\libm.a(fp_round.o)
 .text.avr-libc.fplib
                0x00000000       0x22 c:/program files (x86)/atmel/studio/7.0/toolchain/avr8/avr8-gnu-toolchain/bin/../lib/gcc/avr/5.4.0/../../../../avr/lib/avr5\libm.a(fp_round.o)
 .text          0x00000000        0x0 c:/program files (x86)/atmel/studio/7.0/toolchain/avr8/avr8-gnu-toolchain/bin/../lib/gcc/avr/5.4.0/../../../../avr/lib/avr5\libm.a(fp_split3.o)
 .data          0x00000000        0x0 c:/program files (x86)/atmel/studio/7.0/toolchain/avr8/avr8-gnu-toolchain/bin/../lib/gcc/avr/5.4.0/../../../../avr/lib/avr5\libm.a(fp_split3.o)
 .bss           0x00000000        0x0 c:/program files (x86)/atmel/studio/7.0/toolchain/avr8/avr8-gnu-toolchain/bin/../lib/gcc/avr/5.4.0/../../../../avr/lib/avr5\libm.a(fp_split3.o)
 .text.avr-libc.fplib
                0x00000000       0x44 c:/program files (x86)/atmel/studio/7.0/toolchain/avr8/avr8-gnu-toolchain/bin/../lib/gcc/avr/5.4.0/../../../../avr/lib/avr5\libm.a(fp_split3.o)
 .text          0x00000000        0x0 c:/program files (x86)/atmel/studio/7.0/toolchain/avr8/avr8-gnu-toolchain/bin/../lib/gcc/avr/5.4.0/../../../../avr/lib/avr5\libm.a(fp_zero.o)
 .data          0x00000000        0x0 c:/program files (x86)/atmel/studio/7.0/toolchain/avr8/avr8-gnu-toolchain/bin/../lib/gcc/avr/5.4.0/../../../../avr/lib/avr5\libm.a(fp_zero.o)
 .bss           0x00000000        0x0 c:/program files (x86)/atmel/studio/7.0/toolchain/avr8/avr8-gnu-toolchain/bin/../lib/gcc/avr/5.4.0/../../../../avr/lib/avr5\libm.a(fp_zero.o)
 .text.avr-libc.fplib
                0x00000000        0xe c:/program files (x86)/atmel/studio/7.0/toolchain/avr8/avr8-gnu-toolchain/bin/../lib/gcc/avr/5.4.0/../../../../avr/lib/avr5\libm.a(fp_zero.o)
 .text          0x00000000        0x0 c:/program files (x86)/atmel/studio/7.0/toolchain/avr8/avr8-gnu-toolchain/bin/../lib/gcc/avr/5.4.0/../../../../avr/lib/avr5\libm.a(mulsf3.o)
 .data          0x00000000        0x0 c:/program files (x86)/atmel/studio/7.0/toolchain/avr8/avr8-gnu-toolchain/bin/../lib/gcc/avr/5.4.0/../../../../avr/lib/avr5\libm.a(mulsf3.o)
 .bss           0x00000000        0x0 c:/program files (x86)/atmel/studio/7.0/toolchain/avr8/avr8-gnu-toolchain/bin/../lib/gcc/avr/5.4.0/../../../../avr/lib/avr5\libm.a(mulsf3.o)
 .text.avr-libc.fplib
                0x00000000        0x8 c:/program files (x86)/atmel/studio/7.0/toolchain/avr8/avr8-gnu-toolchain/bin/../lib/gcc/avr/5.4.0/../../../../avr/lib/avr5\libm.a(mulsf3.o)
 .text          0x00000000        0x0 c:/program files (x86)/atmel/studio/7.0/toolchain/avr8/avr8-gnu-toolchain/bin/../lib/gcc/avr/5.4.0/../../../../avr/lib/avr5\libm.a(mulsf3x.o)
 .data          0x00000000        0x0 c:/program files (x86)/atmel/studio/7.0/toolchain/avr8/avr8-gnu-toolchain/bin/../lib/gcc/avr/5.4.0/../../../../avr/lib/avr5\libm.a(mulsf3x.o)
 .bss           0x00000000        0x0 c:/program files (x86)/atmel/studio/7.0/toolchain/avr8/avr8-gnu-toolchain/bin/../lib/gcc/avr/5.4.0/../../../../avr/lib/avr5\libm.a(mulsf3x.o)
 .text.avr-libc.fplib
                0x00000000       0xd2 c:/program files (x86)/atmel/studio/7.0/toolchain/avr8/avr8-gnu-toolchain/bin/../lib/gcc/avr/5.4.0/../../../../avr/lib/avr5\libm.a(mulsf3x.o)
 .text          0x00000000        0x0 c:/program files (x86)/atmel/studio/7.0/toolchain/avr8/avr8-gnu-toolchain/bin/../lib/gcc/avr/5.4.0/avr5\libgcc.a(_divmodhi4.o)
 .data          0x00000000        0x0 c:/program files (x86)/atmel/studio/7.0/toolchain/avr8/avr8-gnu-toolchain/bin/../lib/gcc/avr/5.4.0/avr5\libgcc.a(_divmodhi4.o)
 .bss           0x00000000        0x0 c:/program files (x86)/atmel/studio/7.0/toolchain/avr8/avr8-gnu-toolchain/bin/../lib/gcc/avr/5.4.0/avr5\libgcc.a(_divmodhi4.o)
 .text.libgcc.mul
                0x00000000        0x0 c:/program files (x86)/atmel/studio/7.0/toolchain/avr8/avr8-gnu-toolchain/bin/../lib/gcc/avr/5.4.0/avr5\libgcc.a(_divmodhi4.o)
 .text.libgcc   0x00000000        0x0 c:/program files (x86)/atmel/studio/7.0/toolchain/avr8/avr8-gnu-toolchain/bin/../lib/gcc/avr/5.4.0/avr5\libgcc.a(_divmodhi4.o)
 .text.libgcc.prologue
                0x00000000        0x0 c:/program files (x86)/atmel/studio/7.0/toolchain/avr8/avr8-gnu-toolchain/bin/../lib/gcc/avr/5.4.0/avr5\libgcc.a(_divmodhi4.o)
 .text.libgcc.builtins
                0x00000000        0x0 c:/program files (x86)/atmel/studio/7.0/toolchain/avr8/avr8-gnu-toolchain/bin/../lib/gcc/avr/5.4.0/avr5\libgcc.a(_divmodhi4.o)
 .text.libgcc.fmul
                0x00000000        0x0 c:/program files (x86)/atmel/studio/7.0/toolchain/avr8/avr8-gnu-toolchain/bin/../lib/gcc/avr/5.4.0/avr5\libgcc.a(_divmodhi4.o)
 .text.libgcc.fixed
                0x00000000        0x0 c:/program files (x86)/atmel/studio/7.0/toolchain/avr8/avr8-gnu-toolchain/bin/../lib/gcc/avr/5.4.0/avr5\libgcc.a(_divmodhi4.o)
 .text          0x00000000        0x0 c:/program files (x86)/atmel/studio/7.0/toolchain/avr8/avr8-gnu-toolchain/bin/../lib/gcc/avr/5.4.0/avr5\libgcc.a(_udivmodsi4.o)
 .data          0x00000000        0x0 c:/program files (x86)/atmel/studio/7.0/toolchain/avr8/avr8-gnu-toolchain/bin/../lib/gcc/avr/5.4.0/avr5\libgcc.a(_udivmodsi4.o)
 .bss           0x00000000        0x0 c:/program files (x86)/atmel/studio/7.0/toolchain/avr8/avr8-gnu-toolchain/bin/../lib/gcc/avr/5.4.0/avr5\libgcc.a(_udivmodsi4.o)
 .text.libgcc.mul
                0x00000000        0x0 c:/program files (x86)/atmel/studio/7.0/toolchain/avr8/avr8-gnu-toolchain/bin/../lib/gcc/avr/5.4.0/avr5\libgcc.a(_udivmodsi4.o)
 .text.libgcc   0x00000000        0x0 c:/program files (x86)/atmel/studio/7.0/toolchain/avr8/avr8-gnu-toolchain/bin/../lib/gcc/avr/5.4.0/avr5\libgcc.a(_udivmodsi4.o)
 .text.libgcc.prologue
                0x00000000        0x0 c:/program files (x86)/atmel/studio/7.0/toolchain/avr8/avr8-gnu-toolchain/bin/../lib/gcc/avr/5.4.0/avr5\libgcc.a(_udivmodsi4.o)
 .text.libgcc.builtins
                0x00000000        0x0 c:/program files (x86)/atmel/studio/7.0/toolchain/avr8/avr8-gnu-toolchain/bin/../lib/gcc/avr/5.4.0/avr5\libgcc.a(_udivmodsi4.o)
 .text.libgcc.fmul
                0x00000000        0x0 c:/program files (x86)/atmel/studio/7.0/toolchain/avr8/avr8-gnu-toolchain/bin/../lib/gcc/avr/5.4.0/avr5\libgcc.a(_udivmodsi4.o)
 .text.libgcc.fixed
                0x00000000        0x0 c:/program files (x86)/atmel/studio/7.0/toolchain/avr8/avr8-gnu-toolchain/bin/../lib/gcc/avr/5.4.0/avr5\libgcc.a(_udivmodsi4.o)
 .text          0x00000000        0x0 c:/program files (x86)/atmel/studio/7.0/toolchain/avr8/avr8-gnu-toolchain/bin/../lib/gcc/avr/5.4.0/avr5\libgcc.a(_exit.o)
 .data          0x00000000        0x0 c:/program files (x86)/atmel/studio/7.0/toolchain/avr8/avr8-gnu-toolchain/bin/../lib/gcc/avr/5.4.0/avr5\libgcc.a(_exit.o)
 .bss           0x00000000        0x0 c:/program files (x86)/atmel/studio/7.0/toolchain/avr8/avr8-gnu-toolchain/bin/../lib/gcc/avr/5.4.0/avr5\libgcc.a(_exit.o)
 .text.libgcc.mul
                0x00000000        0x0 c:/program files (x86)/atmel/studio/7.0/toolchain/avr8/avr8-gnu-toolchain/bin/../lib/gcc/avr/5.4.0/avr5\libgcc.a(_exit.o)
 .text.libgcc.div
                0x00000000        0x0 c:/program files (x86)/atmel/studio/7.0/toolchain/avr8/avr8-gnu-toolchain/bin/../lib/gcc/avr/5.4.0/avr5\libgcc.a(_exit.o)
 .text.libgcc   0x00000000        0x0 c:/program files (x86)/atmel/studio/7.0/toolchain/avr8/avr8-gnu-toolchain/bin/../lib/gcc/avr/5.4.0/avr5\libgcc.a(_exit.o)
 .text.libgcc.prologue
                0x00000000        0x0 c:/program files (x86)/atmel/studio/7.0/toolchain/avr8/avr8-gnu-toolchain/bin/../lib/gcc/avr/5.4.0/avr5\libgcc.a(_exit.o)
 .text.libgcc.builtins
                0x00000000        0x0 c:/program files (x86)/atmel/studio/7.0/toolchain/avr8/avr8-gnu-toolchain/bin/../lib/gcc/avr/5.4.0/avr5\libgcc.a(_exit.o)
 .text.libgcc.fmul
                0x00000000        0x0 c:/program files (x86)/atmel/studio/7.0/toolchain/avr8/avr8-gnu-toolchain/bin/../lib/gcc/avr/5.4.0/avr5\libgcc.a(_exit.o)
 .text.libgcc.fixed
                0x00000000        0x0 c:/program files (x86)/atmel/studio/7.0/toolchain/avr8/avr8-gnu-toolchain/bin/../lib/gcc/avr/5.4.0/avr5\libgcc.a(_exit.o)
 .text          0x00000000        0x0 c:/program files (x86)/atmel/studio/7.0/toolchain/avr8/avr8-gnu-toolchain/bin/../lib/gcc/avr/5.4.0/avr5\libgcc.a(_copy_data.o)
 .data          0x00000000        0x0 c:/program files (x86)/atmel/studio/7.0/toolchain/avr8/avr8-gnu-toolchain/bin/../lib/gcc/avr/5.4.0/avr5\libgcc.a(_copy_data.o)
 .bss           0x00000000        0x0 c:/program files (x86)/atmel/studio/7.0/toolchain/avr8/avr8-gnu-toolchain/bin/../lib/gcc/avr/5.4.0/avr5\libgcc.a(_copy_data.o)
 .text.libgcc.mul
                0x00000000        0x0 c:/program files (x86)/atmel/studio/7.0/toolchain/avr8/avr8-gnu-toolchain/bin/../lib/gcc/avr/5.4.0/avr5\libgcc.a(_copy_data.o)
 .text.libgcc.div
                0x00000000        0x0 c:/program files (x86)/atmel/studio/7.0/toolchain/avr8/avr8-gnu-toolchain/bin/../lib/gcc/avr/5.4.0/avr5\libgcc.a(_copy_data.o)
 .text.libgcc   0x00000000        0x0 c:/program files (x86)/atmel/studio/7.0/toolchain/avr8/avr8-gnu-toolchain/bin/../lib/gcc/avr/5.4.0/avr5\libgcc.a(_copy_data.o)
 .text.libgcc.prologue
                0x00000000        0x0 c:/program files (x86)/atmel/studio/7.0/toolchain/avr8/avr8-gnu-toolchain/bin/../lib/gcc/avr/5.4.0/avr5\libgcc.a(_copy_data.o)
 .text.libgcc.builtins
                0x00000000        0x0 c:/program files (x86)/atmel/studio/7.0/toolchain/avr8/avr8-gnu-toolchain/bin/../lib/gcc/avr/5.4.0/avr5\libgcc.a(_copy_data.o)
 .text.libgcc.fmul
                0x00000000        0x0 c:/program files (x86)/atmel/studio/7.0/toolchain/avr8/avr8-gnu-toolchain/bin/../lib/gcc/avr/5.4.0/avr5\libgcc.a(_copy_data.o)
 .text.libgcc.fixed
                0x00000000        0x0 c:/program files (x86)/atmel/studio/7.0/toolchain/avr8/avr8-gnu-toolchain/bin/../lib/gcc/avr/5.4.0/avr5\libgcc.a(_copy_data.o)
 .text          0x00000000        0x0 c:/program files (x86)/atmel/studio/7.0/toolchain/avr8/avr8-gnu-toolchain/bin/../lib/gcc/avr/5.4.0/avr5\libgcc.a(_clear_bss.o)
 .data          0x00000000        0x0 c:/program files (x86)/atmel/studio/7.0/toolchain/avr8/avr8-gnu-toolchain/bin/../lib/gcc/avr/5.4.0/avr5\libgcc.a(_clear_bss.o)
 .bss           0x00000000        0x0 c:/program files (x86)/atmel/studio/7.0/toolchain/avr8/avr8-gnu-toolchain/bin/../lib/gcc/avr/5.4.0/avr5\libgcc.a(_clear_bss.o)
 .text.libgcc.mul
                0x00000000        0x0 c:/program files (x86)/atmel/studio/7.0/toolchain/avr8/avr8-gnu-toolchain/bin/../lib/gcc/avr/5.4.0/avr5\libgcc.a(_clear_bss.o)
 .text.libgcc.div
                0x00000000        0x0 c:/program files (x86)/atmel/studio/7.0/toolchain/avr8/avr8-gnu-toolchain/bin/../lib/gcc/avr/5.4.0/avr5\libgcc.a(_clear_bss.o)
 .text.libgcc   0x00000000        0x0 c:/program files (x86)/atmel/studio/7.0/toolchain/avr8/avr8-gnu-toolchain/bin/../lib/gcc/avr/5.4.0/avr5\libgcc.a(_clear_bss.o)
 .text.libgcc.prologue
                0x00000000        0x0 c:/program files (x86)/atmel/studio/7.0/toolchain/avr8/avr8-gnu-toolchain/bin/../lib/gcc/avr/5.4.0/avr5\libgcc.a(_clear_bss.o)
 .text.libgcc.builtins
                0x00000000        0x0 c:/program files (x86)/atmel/studio/7.0/toolchain/avr8/avr8-gnu-toolchain/bin/../lib/gcc/avr/5.4.0/avr5\libgcc.a(_clear_bss.o)
 .text.libgcc.fmul
                0x00000000        0x0 c:/program files (x86)/atmel/studio/7.0/toolchain/avr8/avr8-gnu-toolchain/bin/../lib/gcc/avr/5.4.0/avr5\libgcc.a(_clear_bss.o)
 .text.libgcc.fixed
                0x00000000        0x0 c:/program files (x86)/atmel/studio/7.0/toolchain/avr8/avr8-gnu-toolchain/bin/../lib/gcc/avr/5.4.0/avr5\libgcc.a(_clear_bss.o)
 .text          0x00000000        0x0 c:/program files (x86)/atmel/studio/7.0/toolchain/avr8/avr8-gnu-toolchain/bin/../lib/gcc/avr/5.4.0/avr5\libgcc.a(_umulhisi3.o)
 .data          0x00000000        0x0 c:/program files (x86)/atmel/studio/7.0/toolchain/avr8/avr8-gnu-toolchain/bin/../lib/gcc/avr/5.4.0/avr5\libgcc.a(_umulhisi3.o)
 .bss           0x00000000        0x0 c:/program files (x86)/atmel/studio/7.0/toolchain/avr8/avr8-gnu-toolchain/bin/../lib/gcc/avr/5.4.0/avr5\libgcc.a(_umulhisi3.o)
 .text.libgcc.div
                0x00000000        0x0 c:/program files (x86)/atmel/studio/7.0/toolchain/avr8/avr8-gnu-toolchain/bin/../lib/gcc/avr/5.4.0/avr5\libgcc.a(_umulhisi3.o)
 .text.libgcc   0x00000000        0x0 c:/program files (x86)/atmel/studio/7.0/toolchain/avr8/avr8-gnu-toolchain/bin/../lib/gcc/avr/5.4.0/avr5\libgcc.a(_umulhisi3.o)
 .text.libgcc.prologue
                0x00000000        0x0 c:/program files (x86)/atmel/studio/7.0/toolchain/avr8/avr8-gnu-toolchain/bin/../lib/gcc/avr/5.4.0/avr5\libgcc.a(_umulhisi3.o)
 .text.libgcc.builtins
                0x00000000        0x0 c:/program files (x86)/atmel/studio/7.0/toolchain/avr8/avr8-gnu-toolchain/bin/../lib/gcc/avr/5.4.0/avr5\libgcc.a(_umulhisi3.o)
 .text.libgcc.fmul
                0x00000000        0x0 c:/program files (x86)/atmel/studio/7.0/toolchain/avr8/avr8-gnu-toolchain/bin/../lib/gcc/avr/5.4.0/avr5\libgcc.a(_umulhisi3.o)
 .text.libgcc.fixed
                0x00000000        0x0 c:/program files (x86)/atmel/studio/7.0/toolchain/avr8/avr8-gnu-toolchain/bin/../lib/gcc/avr/5.4.0/avr5\libgcc.a(_umulhisi3.o)
 .text          0x00000000        0x0 c:/program files (x86)/atmel/studio/7.0/toolchain/avr8/avr8-gnu-toolchain/bin/../lib/gcc/avr/5.4.0/avr5\libgcc.a(_muluhisi3.o)
 .data          0x00000000        0x0 c:/program files (x86)/atmel/studio/7.0/toolchain/avr8/avr8-gnu-toolchain/bin/../lib/gcc/avr/5.4.0/avr5\libgcc.a(_muluhisi3.o)
 .bss           0x00000000        0x0 c:/program files (x86)/atmel/studio/7.0/toolchain/avr8/avr8-gnu-toolchain/bin/../lib/gcc/avr/5.4.0/avr5\libgcc.a(_muluhisi3.o)
 .text.libgcc.mul
                0x00000000       0x16 c:/program files (x86)/atmel/studio/7.0/toolchain/avr8/avr8-gnu-toolchain/bin/../lib/gcc/avr/5.4.0/avr5\libgcc.a(_muluhisi3.o)
 .text.libgcc.div
                0x00000000        0x0 c:/program files (x86)/atmel/studio/7.0/toolchain/avr8/avr8-gnu-toolchain/bin/../lib/gcc/avr/5.4.0/avr5\libgcc.a(_muluhisi3.o)
 .text.libgcc   0x00000000        0x0 c:/program files (x86)/atmel/studio/7.0/toolchain/avr8/avr8-gnu-toolchain/bin/../lib/gcc/avr/5.4.0/avr5\libgcc.a(_muluhisi3.o)
 .text.libgcc.prologue
                0x00000000        0x0 c:/program files (x86)/atmel/studio/7.0/toolchain/avr8/avr8-gnu-toolchain/bin/../lib/gcc/avr/5.4.0/avr5\libgcc.a(_muluhisi3.o)
 .text.libgcc.builtins
                0x00000000        0x0 c:/program files (x86)/atmel/studio/7.0/toolchain/avr8/avr8-gnu-toolchain/bin/../lib/gcc/avr/5.4.0/avr5\libgcc.a(_muluhisi3.o)
 .text.libgcc.fmul
                0x00000000        0x0 c:/program files (x86)/atmel/studio/7.0/toolchain/avr8/avr8-gnu-toolchain/bin/../lib/gcc/avr/5.4.0/avr5\libgcc.a(_muluhisi3.o)
 .text.libgcc.fixed
                0x00000000        0x0 c:/program files (x86)/atmel/studio/7.0/toolchain/avr8/avr8-gnu-toolchain/bin/../lib/gcc/avr/5.4.0/avr5\libgcc.a(_muluhisi3.o)
 .text          0x00000000        0x0 c:/program files (x86)/atmel/studio/7.0/toolchain/avr8/avr8-gnu-toolchain/bin/../lib/gcc/avr/5.4.0/avr5\libgcc.a(_udivmodhi4.o)
 .data          0x00000000        0x0 c:/program files (x86)/atmel/studio/7.0/toolchain/avr8/avr8-gnu-toolchain/bin/../lib/gcc/avr/5.4.0/avr5\libgcc.a(_udivmodhi4.o)
 .bss           0x00000000        0x0 c:/program files (x86)/atmel/studio/7.0/toolchain/avr8/avr8-gnu-toolchain/bin/../lib/gcc/avr/5.4.0/avr5\libgcc.a(_udivmodhi4.o)
 .text.libgcc.mul
                0x00000000        0x0 c:/program files (x86)/atmel/studio/7.0/toolchain/avr8/avr8-gnu-toolchain/bin/../lib/gcc/avr/5.4.0/avr5\libgcc.a(_udivmodhi4.o)
 .text.libgcc   0x00000000        0x0 c:/program files (x86)/atmel/studio/7.0/toolchain/avr8/avr8-gnu-toolchain/bin/../lib/gcc/avr/5.4.0/avr5\libgcc.a(_udivmodhi4.o)
 .text.libgcc.prologue
                0x00000000        0x0 c:/program files (x86)/atmel/studio/7.0/toolchain/avr8/avr8-gnu-toolchain/bin/../lib/gcc/avr/5.4.0/avr5\libgcc.a(_udivmodhi4.o)
 .text.libgcc.builtins
                0x00000000        0x0 c:/program files (x86)/atmel/studio/7.0/toolchain/avr8/avr8-gnu-toolchain/bin/../lib/gcc/avr/5.4.0/avr5\libgcc.a(_udivmodhi4.o)
 .text.libgcc.fmul
                0x00000000        0x0 c:/program files (x86)/atmel/studio/7.0/toolchain/avr8/avr8-gnu-toolchain/bin/../lib/gcc/avr/5.4.0/avr5\libgcc.a(_udivmodhi4.o)
 .text.libgcc.fixed
                0x00000000        0x0 c:/program files (x86)/atmel/studio/7.0/toolchain/avr8/avr8-gnu-toolchain/bin/../lib/gcc/avr/5.4.0/avr5\libgcc.a(_udivmodhi4.o)

Memory Configuration

Name             Origin             Length             Attributes
text             0x00000000         0x00008000         xr
data             0x00800060         0x00000800         rw !x
eeprom           0x00810000         0x00000400         rw !x
fuse             0x00820000         0x00000002         rw !x
lock             0x00830000         0x00000400         rw !x
signature        0x00840000         0x00000400         rw !x
user_signatures  0x00850000         0x00000400         rw !x
*default*        0x00000000         0xffffffff

Linker script and memory map

LOAD C:/Program Files (x86)/Atmel/Studio/7.0/Packs/Atmel/ATmega_DFP/1.6.364/gcc/dev/atmega32/avr5/crtatmega32.o
LOAD devices_control.o
LOAD HAL/Button.o
LOAD HAL/DC_Motor.o
LOAD HAL/Keypad.o
LOAD HAL/LCD.o
LOAD HAL/LED.o
LOAD HAL/SERVO.o
LOAD main.o
LOAD MCAL/ADC.o
LOAD MCAL/DIO.o
LOAD MCAL/EEPROM.o
LOAD MCAL/EXT_Interrupt.o
LOAD MCAL/I2C.o
LOAD MCAL/SPI.o
LOAD MCAL/Timer.o
LOAD MCAL/UART.o
LOAD MCAL/WDT.o
START GROUP
LOAD c:/program files (x86)/atmel/studio/7.0/toolchain/avr8/avr8-gnu-toolchain/bin/../lib/gcc/avr/5.4.0/../../../../avr/lib/avr5\libm.a
END GROUP
START GROUP
LOAD c:/program files (x86)/atmel/studio/7.0/toolchain/avr8/avr8-gnu-toolchain/bin/../lib/gcc/avr/5.4.0/avr5\libgcc.a
LOAD c:/program files (x86)/atmel/studio/7.0/toolchain/avr8/avr8-gnu-toolchain/bin/../lib/gcc/avr/5.4.0/../../../../avr/lib/avr5\libm.a
LOAD c:/program files (x86)/atmel/studio/7.0/toolchain/avr8/avr8-gnu-toolchain/bin/../lib/gcc/avr/5.4.0/../../../../avr/lib/avr5\libc.a
LOAD C:/Program Files (x86)/Atmel/Studio/7.0/Packs/Atmel/ATmega_DFP/1.6.364/gcc/dev/atmega32/avr5\libatmega32.a
END GROUP
                0x00000000                __TEXT_REGION_ORIGIN__ = DEFINED (__TEXT_REGION_ORIGIN__)?__TEXT_REGION_ORIGIN__:0x0
                [0x00800060]                __DATA_REGION_ORIGIN__ = DEFINED (__DATA_REGION_ORIGIN__)?__DATA_REGION_ORIGIN__:0x800060
                [0x00008000]                __TEXT_REGION_LENGTH__ = DEFINED (__TEXT_REGION_LENGTH__)?__TEXT_REGION_LENGTH__:0x20000
                [0x00000800]                __DATA_REGION_LENGTH__ = DEFINED (__DATA_REGION_LENGTH__)?__DATA_REGION_LENGTH__:0xffa0
                [0x00000400]                __EEPROM_REGION_LENGTH__ = DEFINED (__EEPROM_REGION_LENGTH__)?__EEPROM_REGION_LENGTH__:0x10000
                [0x00000002]                __FUSE_REGION_LENGTH__ = DEFINED (__FUSE_REGION_LENGTH__)?__FUSE_REGION_LENGTH__:0x400
                0x00000400                __LOCK_REGION_LENGTH__ = DEFINED (__LOCK_REGION_LENGTH__)?__LOCK_REGION_LENGTH__:0x400
                0x00000400                __SIGNATURE_REGION_LENGTH__ = DEFINED (__SIGNATURE_REGION_LENGTH__)?__SIGNATURE_REGION_LENGTH__:0x400
                0x00000400                __USER_SIGNATURE_REGION_LENGTH__ = DEFINED (__USER_SIGNATURE_REGION_LENGTH__)?__USER_SIGNATURE_REGION_LENGTH__:0x400

.hash
 *(.hash)

.dynsym
 *(.dynsym)

.dynstr
 *(.dynstr)

.gnu.version
 *(.gnu.version)

.gnu.version_d
 *(.gnu.version_d)

.gnu.version_r
 *(.gnu.version_r)

.rel.init
 *(.rel.init)

.rela.init
 *(.rela.init)

.rel.text
 *(.rel.text)
 *(.rel.text.*)
 *(.rel.gnu.linkonce.t*)

.rela.text
 *(.rela.text)
 *(.rela.text.*)
 *(.rela.gnu.linkonce.t*)

.rel.fini
 *(.rel.fini)

.rela.fini
 *(.rela.fini)

.rel.rodata
 *(.rel.rodata)
 *(.rel.rodata.*)
 *(.rel.gnu.linkonce.r*)

.rela.rodata
 *(.rela.rodata)
 *(.rela.rodata.*)
 *(.rela.gnu.linkonce.r*)

.rel.data
 *(.rel.data)
 *(.rel.data.*)
 *(.rel.gnu.linkonce.d*)

.rela.data
 *(.rela.data)
 *(.rela.data.*)
 *(.rela.gnu.linkonce.d*)

.rel.ctors
 *(.rel.ctors)

.rela.ctors
 *(.rela.ctors)

.rel.dtors
 *(.rel.dtors)

.rela.dtors
 *(.rela.dtors)

.rel.got
 *(.rel.got)

.rela.got
 *(.rela.got)

.rel.bss
 *(.rel.bss)

.rela.bss
 *(.rela.bss)

.rel.plt
 *(.rel.plt)

.rela.plt
 *(.rela.plt)

.text           0x00000000     0x100a
 *(.vectors)
 .vectors       0x00000000       0x54 C:/Program Files (x86)/Atmel/Studio/7.0/Packs/Atmel/ATmega_DFP/1.6.364/gcc/dev/atmega32/avr5/crtatmega32.o
                0x00000000                __vector_default
                0x00000000                __vectors
 *(.vectors)
 *(.progmem.gcc*)
                0x00000054                . = ALIGN (0x2)
                0x00000054                __trampolines_start = .
 *(.trampolines)
 .trampolines   0x00000054        0x0 linker stubs
 *(.trampolines*)
                0x00000054                __trampolines_end = .
 *libprintf_flt.a:*(.progmem.data)
 *libc.a:*(.progmem.data)
 *(.progmem*)
                0x00000054                . = ALIGN (0x2)
 *(.jumptables)
 *(.jumptables*)
 *(.lowtext)
 *(.lowtext*)
                0x00000054                __ctors_start = .
 *(.ctors)
                0x00000054                __ctors_end = .
                0x00000054                __dtors_start = .
 *(.dtors)
                0x00000054                __dtors_end = .
 SORT(*)(.ctors)
 SORT(*)(.dtors)
 *(.init0)
 .init0         0x00000054        0x0 C:/Program Files (x86)/Atmel/Studio/7.0/Packs/Atmel/ATmega_DFP/1.6.364/gcc/dev/atmega32/avr5/crtatmega32.o
                0x00000054                __init
 *(.init0)
 *(.init1)
 *(.init1)
 *(.init2)
 .init2         0x00000054        0xc C:/Program Files (x86)/Atmel/Studio/7.0/Packs/Atmel/ATmega_DFP/1.6.364/gcc/dev/atmega32/avr5/crtatmega32.o
 *(.init2)
 *(.init3)
 *(.init3)
 *(.init4)
 .init4         0x00000060       0x16 c:/program files (x86)/atmel/studio/7.0/toolchain/avr8/avr8-gnu-toolchain/bin/../lib/gcc/avr/5.4.0/avr5\libgcc.a(_copy_data.o)
                0x00000060                __do_copy_data
 .init4         0x00000076       0x10 c:/program files (x86)/atmel/studio/7.0/toolchain/avr8/avr8-gnu-toolchain/bin/../lib/gcc/avr/5.4.0/avr5\libgcc.a(_clear_bss.o)
                0x00000076                __do_clear_bss
 *(.init4)
 *(.init5)
 *(.init5)
 *(.init6)
 *(.init6)
 *(.init7)
 *(.init7)
 *(.init8)
 *(.init8)
 *(.init9)
 .init9         0x00000086        0x8 C:/Program Files (x86)/Atmel/Studio/7.0/Packs/Atmel/ATmega_DFP/1.6.364/gcc/dev/atmega32/avr5/crtatmega32.o
 *(.init9)
 *(.text)
 .text          0x0000008e        0x4 C:/Program Files (x86)/Atmel/Studio/7.0/Packs/Atmel/ATmega_DFP/1.6.364/gcc/dev/atmega32/avr5/crtatmega32.o
                0x0000008e                __vector_1
                0x0000008e                __vector_12
                0x0000008e                __bad_interrupt
                0x0000008e                __vector_6
                0x0000008e                __vector_3
                0x0000008e                __vector_11
                0x0000008e                __vector_13
                0x0000008e                __vector_17
                0x0000008e                __vector_19
                0x0000008e                __vector_2
                0x0000008e                __vector_15
                0x0000008e                __vector_8
                0x0000008e                __vector_14
                0x0000008e                __vector_16
                0x0000008e                __vector_18
                0x0000008e                __vector_20
                0x00000092                . = ALIGN (0x2)
 *(.text.*)
 .text.RELAY    0x00000092        0xc devices_control.o
                0x00000092                RELAY
 .text.LIGHT_INIT
                0x0000009e       0x20 devices_control.o
                0x0000009e                LIGHT_INIT
 .text.LIGHT    0x000000be       0x26 devices_control.o
                0x000000be                LIGHT
 .text.DOOR     0x000000e4       0x16 devices_control.o
                0x000000e4                DOOR
 .text.TEMP_READ
                0x000000fa       0x86 devices_control.o
                0x000000fa                TEMP_READ
 .text.Keypad_INIT
                0x00000180       0x9a HAL/Keypad.o
                0x00000180                Keypad_INIT
 .text.Keypad_GetVal
                0x0000021a       0x7a HAL/Keypad.o
                0x0000021a                Keypad_GetVal
 .text.LCD_WriteCMD
                0x00000294       0x90 HAL/LCD.o
                0x00000294                LCD_WriteCMD
 .text.LCD_INIT
                0x00000324       0x84 HAL/LCD.o
                0x00000324                LCD_INIT
 .text.LCD_WriteCHAR
                0x000003a8       0x90 HAL/LCD.o
                0x000003a8                LCD_WriteCHAR
 .text.LCD_WriteSTRING
                0x00000438       0x2c HAL/LCD.o
                0x00000438                LCD_WriteSTRING
 .text.LCD_WriteINTEGER
                0x00000464      0x17c HAL/LCD.o
                0x00000464                LCD_WriteINTEGER
 .text.LCD_GoTo
                0x000005e0       0x2a HAL/LCD.o
                0x000005e0                LCD_GoTo
 .text.Servo_Init
                0x0000060a       0x18 HAL/SERVO.o
                0x0000060a                Servo_Init
 .text.Servo    0x00000622       0x1a HAL/SERVO.o
                0x00000622                Servo
 .text.main     0x0000063c      0x1c0 main.o
                0x0000063c                main
 .text.ADC_INIT
                0x000007fc       0x1a MCAL/ADC.o
                0x000007fc                ADC_INIT
 .text.ADC_Read
                0x00000816       0x14 MCAL/ADC.o
                0x00000816                ADC_Read
 .text.DIO_SetPinDir
                0x0000082a      0x134 MCAL/DIO.o
                0x0000082a                DIO_SetPinDir
 .text.DIO_SetPinVal
                0x0000095e      0x15c MCAL/DIO.o
                0x0000095e                DIO_SetPinVal
 .text.DIO_SetPullup
                0x00000aba       0xae MCAL/DIO.o
                0x00000aba                DIO_SetPullup
 .text.DIO_GetPinVal
                0x00000b68       0x9e MCAL/DIO.o
                0x00000b68                DIO_GetPinVal
 .text.__vector_10
                0x00000c06       0xa2 MCAL/Timer.o
                0x00000c06                __vector_10
 .text.__vector_9
                0x00000ca8       0xb4 MCAL/Timer.o
                0x00000ca8                __vector_9
 .text.__vector_7
                0x00000d5c       0xb4 MCAL/Timer.o
                0x00000d5c                __vector_7
 .text.__vector_5
                0x00000e10       0xa2 MCAL/Timer.o
                0x00000e10                __vector_5
 .text.__vector_4
                0x00000eb2       0xa2 MCAL/Timer.o
                0x00000eb2                __vector_4
 .text.libgcc.div
                0x00000f54       0x28 c:/program files (x86)/atmel/studio/7.0/toolchain/avr8/avr8-gnu-toolchain/bin/../lib/gcc/avr/5.4.0/avr5\libgcc.a(_divmodhi4.o)
                0x00000f54                _div
                0x00000f54                __divmodhi4
 .text.libgcc.div
                0x00000f7c       0x44 c:/program files (x86)/atmel/studio/7.0/toolchain/avr8/avr8-gnu-toolchain/bin/../lib/gcc/avr/5.4.0/avr5\libgcc.a(_udivmodsi4.o)
                0x00000f7c                __udivmodsi4
 .text.libgcc.mul
                0x00000fc0       0x1e c:/program files (x86)/atmel/studio/7.0/toolchain/avr8/avr8-gnu-toolchain/bin/../lib/gcc/avr/5.4.0/avr5\libgcc.a(_umulhisi3.o)
                0x00000fc0                __umulhisi3
 .text.libgcc.div
                0x00000fde       0x28 c:/program files (x86)/atmel/studio/7.0/toolchain/avr8/avr8-gnu-toolchain/bin/../lib/gcc/avr/5.4.0/avr5\libgcc.a(_udivmodhi4.o)
                0x00000fde                __udivmodhi4
                0x00001006                . = ALIGN (0x2)
 *(.fini9)
 .fini9         0x00001006        0x0 c:/program files (x86)/atmel/studio/7.0/toolchain/avr8/avr8-gnu-toolchain/bin/../lib/gcc/avr/5.4.0/avr5\libgcc.a(_exit.o)
                0x00001006                _exit
                0x00001006                exit
 *(.fini9)
 *(.fini8)
 *(.fini8)
 *(.fini7)
 *(.fini7)
 *(.fini6)
 *(.fini6)
 *(.fini5)
 *(.fini5)
 *(.fini4)
 *(.fini4)
 *(.fini3)
 *(.fini3)
 *(.fini2)
 *(.fini2)
 *(.fini1)
 *(.fini1)
 *(.fini0)
 .fini0         0x00001006        0x4 c:/program files (x86)/atmel/studio/7.0/toolchain/avr8/avr8-gnu-toolchain/bin/../lib/gcc/avr/5.4.0/avr5\libgcc.a(_exit.o)
 *(.fini0)
                0x0000100a                _etext = .

.data           0x00800060       0x78 load address 0x0000100a
                0x00800060                PROVIDE (__data_start, .)
 *(.data)
 *(.data*)
 .data.arr      0x00800060       0x10 HAL/Keypad.o
                0x00800060                arr
 .data.T2_OVF_No
                0x00800070        0x4 MCAL/Timer.o
                0x00800070                T2_OVF_No
 .data.T1_OVF_No
                0x00800074        0x4 MCAL/Timer.o
                0x00800074                T1_OVF_No
 .data.T0_OVF_No
                0x00800078        0x4 MCAL/Timer.o
                0x00800078                T0_OVF_No
 *(.gnu.linkonce.d*)
 *(.rodata)
 *(.rodata*)
 .rodata.str1.1
                0x0080007c       0x5b main.o
 *(.gnu.linkonce.r*)
                0x008000d8                . = ALIGN (0x2)
 *fill*         0x008000d7        0x1 
                0x008000d8                _edata = .
                0x008000d8                PROVIDE (__data_end, .)

.bss            0x008000d8       0x24
                0x008000d8                PROVIDE (__bss_start, .)
 *(.bss)
 *(.bss*)
 .bss.Sensor_read
                0x008000d8        0x1 main.o
                0x008000d8                Sensor_read
 .bss.count_0.1790
                0x008000d9        0x2 MCAL/Timer.o
 .bss.count_0.1783
                0x008000db        0x2 MCAL/Timer.o
 .bss.count_0.1757
                0x008000dd        0x2 MCAL/Timer.o
 .bss.count_0.1751
                0x008000df        0x2 MCAL/Timer.o
 .bss.count_0.1720
                0x008000e1        0x2 MCAL/Timer.o
 *(COMMON)
 COMMON         0x008000e3        0x1 main.o
                0x008000e3                HighTempErrorFlag
 COMMON         0x008000e4       0x18 MCAL/Timer.o
                0x008000e4                T1_Init_val_OVF
                0x008000e8                T1_Init_val
                0x008000ec                T0_Init_val_OVF
                0x008000f0                T2_Init_val_OVF
                0x008000f4                T2_Init_val
                0x008000f8                T0_Init_val
                0x008000fc                PROVIDE (__bss_end, .)
                0x0000100a                __data_load_start = LOADADDR (.data)
                0x00001082                __data_load_end = (__data_load_start + SIZEOF (.data))

.noinit         0x008000fc        0x0
                [!provide]                PROVIDE (__noinit_start, .)
 *(.noinit*)
                [!provide]                PROVIDE (__noinit_end, .)
                0x008000fc                _end = .
                [!provide]                PROVIDE (__heap_start, .)

.eeprom         0x00810000        0x0
 *(.eeprom*)
                0x00810000                __eeprom_end = .

.fuse
 *(.fuse)
 *(.lfuse)
 *(.hfuse)
 *(.efuse)

.lock
 *(.lock*)

.signature
 *(.signature*)

.user_signatures
 *(.user_signatures*)

.stab
 *(.stab)

.stabstr
 *(.stabstr)

.stab.excl
 *(.stab.excl)

.stab.exclstr
 *(.stab.exclstr)

.stab.index
 *(.stab.index)

.stab.indexstr
 *(.stab.indexstr)

.comment        0x00000000       0x30
 *(.comment)
 .comment       0x00000000       0x30 devices_control.o
                                 0x31 (size before relaxing)
 .comment       0x00000030       0x31 HAL/Keypad.o
 .comment       0x00000030       0x31 HAL/LCD.o
 .comment       0x00000030       0x31 HAL/SERVO.o
 .comment       0x00000030       0x31 main.o
 .comment       0x00000030       0x31 MCAL/ADC.o
 .comment       0x00000030       0x31 MCAL/DIO.o
 .comment       0x00000030       0x31 MCAL/Timer.o

.note.gnu.avr.deviceinfo
                0x00000000       0x3c
 .note.gnu.avr.deviceinfo
                0x00000000       0x3c C:/Program Files (x86)/Atmel/Studio/7.0/Packs/Atmel/ATmega_DFP/1.6.364/gcc/dev/atmega32/avr5/crtatmega32.o

.note.gnu.build-id
 *(.note.gnu.build-id)

.debug
 *(.debug)

.line
 *(.line)

.debug_srcinfo
 *(.debug_srcinfo)

.debug_sfnames
 *(.debug_sfnames)

.debug_aranges  0x00000000      0x248
 *(.debug_aranges)
 .debug_aranges
                0x00000000       0x40 devices_control.o
 .debug_aranges
                0x00000040       0x28 HAL/Keypad.o
 .debug_aranges
                0x00000068       0x68 HAL/LCD.o
 .debug_aranges
                0x000000d0       0x28 HAL/SERVO.o
 .debug_aranges
                0x000000f8       0x20 main.o
 .debug_aranges
                0x00000118       0x28 MCAL/ADC.o
 .debug_aranges
                0x00000140       0x40 MCAL/DIO.o
 .debug_aranges
                0x00000180       0xc8 MCAL/Timer.o

.debug_pubnames
 *(.debug_pubnames)

.debug_info     0x00000000     0x22c5
 *(.debug_info .gnu.linkonce.wi.*)
 .debug_info    0x00000000      0x4e6 C:/Program Files (x86)/Atmel/Studio/7.0/Packs/Atmel/ATmega_DFP/1.6.364/gcc/dev/atmega32/avr5/crtatmega32.o
 .debug_info    0x000004e6      0x290 devices_control.o
 .debug_info    0x00000776      0x35e HAL/Keypad.o
 .debug_info    0x00000ad4      0x87d HAL/LCD.o
 .debug_info    0x00001351       0xb3 HAL/SERVO.o
 .debug_info    0x00001404      0x555 main.o
 .debug_info    0x00001959       0xca MCAL/ADC.o
 .debug_info    0x00001a23      0x2a8 MCAL/DIO.o
 .debug_info    0x00001ccb      0x5fa MCAL/Timer.o

.debug_abbrev   0x00000000      0xc8d
 *(.debug_abbrev)
 .debug_abbrev  0x00000000      0x4a3 C:/Program Files (x86)/Atmel/Studio/7.0/Packs/Atmel/ATmega_DFP/1.6.364/gcc/dev/atmega32/avr5/crtatmega32.o
 .debug_abbrev  0x000004a3       0xf5 devices_control.o
 .debug_abbrev  0x00000598       0xcc HAL/Keypad.o
 .debug_abbrev  0x00000664      0x1bf HAL/LCD.o
 .debug_abbrev  0x00000823       0x6b HAL/SERVO.o
 .debug_abbrev  0x0000088e       0xc8 main.o
 .debug_abbrev  0x00000956       0x7e MCAL/ADC.o
 .debug_abbrev  0x000009d4       0xfa MCAL/DIO.o
 .debug_abbrev  0x00000ace      0x1bf MCAL/Timer.o

.debug_line     0x00000000     0x13ed
 *(.debug_line .debug_line.* .debug_line_end)
 .debug_line    0x00000000      0x116 C:/Program Files (x86)/Atmel/Studio/7.0/Packs/Atmel/ATmega_DFP/1.6.364/gcc/dev/atmega32/avr5/crtatmega32.o
 .debug_line    0x00000116      0x163 devices_control.o
 .debug_line    0x00000279      0x132 HAL/Keypad.o
 .debug_line    0x000003ab      0x40a HAL/LCD.o
 .debug_line    0x000007b5       0x91 HAL/SERVO.o
 .debug_line    0x00000846      0x22e main.o
 .debug_line    0x00000a74       0xa5 MCAL/ADC.o
 .debug_line    0x00000b19      0x3ff MCAL/DIO.o
 .debug_line    0x00000f18      0x4d5 MCAL/Timer.o

.debug_frame    0x00000000      0x698
 *(.debug_frame)
 .debug_frame   0x00000000       0x6c devices_control.o
 .debug_frame   0x0000006c       0x58 HAL/Keypad.o
 .debug_frame   0x000000c4      0x18c HAL/LCD.o
 .debug_frame   0x00000250       0x34 HAL/SERVO.o
 .debug_frame   0x00000284       0x24 main.o
 .debug_frame   0x000002a8       0x34 MCAL/ADC.o
 .debug_frame   0x000002dc       0x94 MCAL/DIO.o
 .debug_frame   0x00000370      0x328 MCAL/Timer.o

.debug_str      0x00000000      0x794
 *(.debug_str)
 .debug_str     0x00000000      0x196 C:/Program Files (x86)/Atmel/Studio/7.0/Packs/Atmel/ATmega_DFP/1.6.364/gcc/dev/atmega32/avr5/crtatmega32.o
 .debug_str     0x00000196      0x1be devices_control.o
                                0x1e5 (size before relaxing)
 .debug_str     0x00000354       0x4f HAL/Keypad.o
                                0x1d6 (size before relaxing)
 .debug_str     0x000003a3      0x14a HAL/LCD.o
                                0x2e7 (size before relaxing)
 .debug_str     0x000004ed       0x27 HAL/SERVO.o
                                0x198 (size before relaxing)
 .debug_str     0x00000514       0x47 main.o
                                0x298 (size before relaxing)
 .debug_str     0x0000055b       0x24 MCAL/ADC.o
                                0x1a8 (size before relaxing)
 .debug_str     0x0000057f       0x21 MCAL/DIO.o
                                0x1c4 (size before relaxing)
 .debug_str     0x000005a0      0x1f4 MCAL/Timer.o
                                0x398 (size before relaxing)

.debug_loc      0x00000000     0x1748
 *(.debug_loc)
 .debug_loc     0x00000000       0xbf devices_control.o
 .debug_loc     0x000000bf       0xd8 HAL/Keypad.o
 .debug_loc     0x00000197      0x8a1 HAL/LCD.o
 .debug_loc     0x00000a38       0x21 HAL/SERVO.o
 .debug_loc     0x00000a59       0x60 main.o
 .debug_loc     0x00000ab9       0x21 MCAL/ADC.o
 .debug_loc     0x00000ada      0x59b MCAL/DIO.o
 .debug_loc     0x00001075      0x6d3 MCAL/Timer.o

.debug_macinfo
 *(.debug_macinfo)

.debug_weaknames
 *(.debug_weaknames)

.debug_funcnames
 *(.debug_funcnames)

.debug_typenames
 *(.debug_typenames)

.debug_varnames
 *(.debug_varnames)

.debug_pubtypes
 *(.debug_pubtypes)

.debug_ranges   0x00000000      0x1c8
 *(.debug_ranges)
 .debug_ranges  0x00000000       0x30 devices_control.o
 .debug_ranges  0x00000030       0x18 HAL/Keypad.o
 .debug_ranges  0x00000048       0x58 HAL/LCD.o
 .debug_ranges  0x000000a0       0x18 HAL/SERVO.o
 .debug_ranges  0x000000b8       0x10 main.o
 .debug_ranges  0x000000c8       0x18 MCAL/ADC.o
 .debug_ranges  0x000000e0       0x30 MCAL/DIO.o
 .debug_ranges  0x00000110       0xb8 MCAL/Timer.o

.debug_macro
 *(.debug_macro)
OUTPUT(MyAvrLib.elf elf32-avr)
LOAD linker stubs
